+3848.155248403: grid210x_device byte recv ff atn 1 eoi 1
+3848.161786545: grid210x_device byte recv ff atn 1 eoi 1
+3849.265088523: grid210x_device byte recv 14 atn 1 eoi 0
+3851.735777213: grid210x_device byte recv 25 atn 1 eoi 0
+3851.735838215: grid210x_device now listening
+3851.737040241: grid210x_device byte recv 01 atn 0 eoi 0
+3851.737159243: grid210x_device byte recv 00 atn 0 eoi 0
+3851.737320247: grid210x_device byte recv 00 atn 0 eoi 0
+3851.737412249: grid210x_device byte recv 00 atn 0 eoi 0
+3851.737654254: grid210x_device byte recv 00 atn 0 eoi 0
+3851.737754256: grid210x_device byte recv 00 atn 0 eoi 0
+3851.737829258: grid210x_device byte recv 00 atn 0 eoi 0
+3851.737899259: grid210x_device byte recv 34 atn 0 eoi 0
+3851.737968261: grid210x_device byte recv 00 atn 0 eoi 0
+3851.739053285: grid210x_device byte recv 00 atn 0 eoi 1
+3851.739142286: grid210x_device byte recv 3f atn 1 eoi 0
+3851.739173287: grid210x_device now not listening
+3851.739187287: grid210x_device command 1, data size 52, sector no 0
+3851.741295333: grid210x_device byte recv 45 atn 1 eoi 0
+3851.741346334: grid210x_device now talking
+3851.742508360: grid210x_device byte send 00 eoi 0
+3851.742983370: grid210x_device byte send 02 eoi 0
+3851.743096372: grid210x_device byte send f8 eoi 0
+3851.743155374: grid210x_device byte send 01 eoi 0
+3851.743218375: grid210x_device byte send d0 eoi 0
+3851.743270376: grid210x_device byte send 02 eoi 0
+3851.743325377: grid210x_device byte send 01 eoi 0
+3851.743380379: grid210x_device byte send 20 eoi 0
+3851.743433380: grid210x_device byte send 01 eoi 0
+3851.743488381: grid210x_device byte send 21 eoi 0
+3851.743542382: grid210x_device byte send 01 eoi 0
+3851.743595383: grid210x_device byte send 01 eoi 0
+3851.743648384: grid210x_device byte send 00 eoi 0
+3851.743702386: grid210x_device byte send 00 eoi 0
+3851.743756387: grid210x_device byte send 34 eoi 0
+3851.743945391: grid210x_device byte send 38 eoi 0
+3851.744010392: grid210x_device byte send 20 eoi 0
+3851.744067394: grid210x_device byte send 54 eoi 0
+3851.744121395: grid210x_device byte send 50 eoi 0
+3851.744177396: grid210x_device byte send 49 eoi 0
+3851.744231397: grid210x_device byte send 20 eoi 0
+3851.744284398: grid210x_device byte send 44 eoi 0
+3851.744340399: grid210x_device byte send 53 eoi 0
+3851.744392401: grid210x_device byte send 20 eoi 0
+3851.744444402: grid210x_device byte send 44 eoi 0
+3851.744497403: grid210x_device byte send 44 eoi 0
+3851.744553404: grid210x_device byte send 20 eoi 0
+3851.744605405: grid210x_device byte send 46 eoi 0
+3851.744657406: grid210x_device byte send 4c eoi 0
+3851.744712408: grid210x_device byte send 4f eoi 0
+3851.744765409: grid210x_device byte send 50 eoi 0
+3851.744818410: grid210x_device byte send 50 eoi 0
+3851.745013414: grid210x_device byte send 59 eoi 0
+3851.745082416: grid210x_device byte send 20 eoi 0
+3851.745139417: grid210x_device byte send 20 eoi 0
+3851.745194418: grid210x_device byte send 20 eoi 0
+3851.745247419: grid210x_device byte send 20 eoi 0
+3851.745303420: grid210x_device byte send 33 eoi 0
+3851.745357422: grid210x_device byte send 30 eoi 0
+3851.745409423: grid210x_device byte send 30 eoi 0
+3851.745464424: grid210x_device byte send 32 eoi 0
+3851.745515425: grid210x_device byte send 33 eoi 0
+3851.745567426: grid210x_device byte send 37 eoi 0
+3851.745620427: grid210x_device byte send 2d eoi 0
+3851.745680429: grid210x_device byte send 30 eoi 0
+3851.745732430: grid210x_device byte send 30 eoi 0
+3851.745784431: grid210x_device byte send 00 eoi 0
+3851.745843432: grid210x_device byte send 02 eoi 0
+3851.745942434: grid210x_device byte send 09 eoi 0
+3851.746119438: grid210x_device byte send 00 eoi 0
+3851.746182439: grid210x_device byte send 02 eoi 0
+3851.746234441: grid210x_device byte send 00 eoi 1
+3851.746701451: grid210x_device byte recv 5f atn 1 eoi 0
+3851.746731451: grid210x_device now not talking
+3851.749763517: grid210x_device byte recv 25 atn 1 eoi 0
+3851.749815518: grid210x_device now listening
+3851.751015544: grid210x_device byte recv 04 atn 0 eoi 0
+3851.751671559: grid210x_device byte recv 00 atn 0 eoi 0
+3851.751755561: grid210x_device byte recv 00 atn 0 eoi 0
+3851.751830562: grid210x_device byte recv 00 atn 0 eoi 0
+3851.751901564: grid210x_device byte recv 00 atn 0 eoi 0
+3851.751971565: grid210x_device byte recv 00 atn 0 eoi 0
+3851.752042567: grid210x_device byte recv 00 atn 0 eoi 0
+3851.752112568: grid210x_device byte recv 00 atn 0 eoi 0
+3851.752182570: grid210x_device byte recv 02 atn 0 eoi 0
+3851.753268593: grid210x_device byte recv 00 atn 0 eoi 1
+3851.753486598: grid210x_device byte recv 3f atn 1 eoi 0
+3851.753528599: grid210x_device now not listening
+3851.753544599: grid210x_device command 4, data size 512, sector no 0
+3851.754725625: grid210x_device byte recv 18 atn 1 eoi 0
+3851.754837628: grid210x_device byte recv 45 atn 1 eoi 0
+3851.754866628: grid210x_device now talking
+3851.754898629: grid210x_device byte send 4f eoi 0
+3851.755028632: grid210x_device byte recv 19 atn 1 eoi 0
+3851.755108633: grid210x_device byte recv 5f atn 1 eoi 0
+3851.755133634: grid210x_device now not talking
+3851.756460663: grid210x_device byte recv 45 atn 1 eoi 0
+3851.756509664: grid210x_device now talking
+3851.757685689: grid210x_device byte send 53 eoi 0
+3851.758131699: grid210x_device byte send 79 eoi 0
+3851.758204701: grid210x_device byte send 73 eoi 0
+3851.758262702: grid210x_device byte send 74 eoi 0
+3851.758317703: grid210x_device byte send 65 eoi 0
+3851.758369704: grid210x_device byte send 6d eoi 0
+3851.758424705: grid210x_device byte send 20 eoi 0
+3851.758477707: grid210x_device byte send 44 eoi 0
+3851.758530708: grid210x_device byte send 69 eoi 0
+3851.758584709: grid210x_device byte send 73 eoi 0
+3851.758638710: grid210x_device byte send 6b eoi 0
+3851.758692711: grid210x_device byte send 21 eoi 0
+3851.758744712: grid210x_device byte send 21 eoi 0
+3851.758797714: grid210x_device byte send 00 eoi 0
+3851.759078720: grid210x_device byte send 00 eoi 0
+3851.759147721: grid210x_device byte send 00 eoi 0
+3851.759206722: grid210x_device byte send 00 eoi 0
+3851.759262724: grid210x_device byte send 00 eoi 0
+3851.759319725: grid210x_device byte send 00 eoi 0
+3851.759374726: grid210x_device byte send 00 eoi 0
+3851.759430727: grid210x_device byte send 00 eoi 0
+3851.759485729: grid210x_device byte send 00 eoi 0
+3851.759538730: grid210x_device byte send 00 eoi 0
+3851.759594731: grid210x_device byte send 00 eoi 0
+3851.759648732: grid210x_device byte send 00 eoi 0
+3851.759702733: grid210x_device byte send 00 eoi 0
+3851.759758734: grid210x_device byte send 00 eoi 0
+3851.759811736: grid210x_device byte send 00 eoi 0
+3851.760102742: grid210x_device byte send 00 eoi 0
+3851.760185744: grid210x_device byte send 00 eoi 0
+3851.760244745: grid210x_device byte send 00 eoi 0
+3851.760301746: grid210x_device byte send 00 eoi 0
+3851.760357747: grid210x_device byte send 00 eoi 0
+3851.760412749: grid210x_device byte send 00 eoi 0
+3851.760468750: grid210x_device byte send 00 eoi 0
+3851.760521751: grid210x_device byte send 00 eoi 0
+3851.760577752: grid210x_device byte send 00 eoi 0
+3851.760632753: grid210x_device byte send 00 eoi 0
+3851.760686755: grid210x_device byte send 00 eoi 0
+3851.760743756: grid210x_device byte send 00 eoi 0
+3851.760798757: grid210x_device byte send 00 eoi 0
+3851.760853758: grid210x_device byte send 00 eoi 0
+3851.760905759: grid210x_device byte send 00 eoi 0
+3851.761102764: grid210x_device byte send 00 eoi 0
+3851.761174765: grid210x_device byte send 00 eoi 0
+3851.761231766: grid210x_device byte send 00 eoi 0
+3851.761286768: grid210x_device byte send 00 eoi 0
+3851.761342769: grid210x_device byte send 00 eoi 0
+3851.761397770: grid210x_device byte send 00 eoi 0
+3851.761452771: grid210x_device byte send 00 eoi 0
+3851.761506772: grid210x_device byte send 00 eoi 0
+3851.761560774: grid210x_device byte send 00 eoi 0
+3851.761616775: grid210x_device byte send 00 eoi 0
+3851.761672776: grid210x_device byte send 00 eoi 0
+3851.761727777: grid210x_device byte send 00 eoi 0
+3851.761781778: grid210x_device byte send 00 eoi 0
+3851.762369791: grid210x_device byte send 00 eoi 0
+3851.762437793: grid210x_device byte send 00 eoi 0
+3851.762494794: grid210x_device byte send 00 eoi 0
+3851.762551795: grid210x_device byte send 00 eoi 0
+3851.762607796: grid210x_device byte send 00 eoi 0
+3851.762662798: grid210x_device byte send 00 eoi 0
+3851.762717799: grid210x_device byte send 00 eoi 0
+3851.762772800: grid210x_device byte send 00 eoi 0
+3851.762828801: grid210x_device byte send 00 eoi 0
+3851.762882802: grid210x_device byte send 00 eoi 0
+3851.762937804: grid210x_device byte send 00 eoi 0
+3851.762991805: grid210x_device byte send 00 eoi 0
+3851.763048806: grid210x_device byte send 00 eoi 0
+3851.763268811: grid210x_device byte send 00 eoi 0
+3851.763347812: grid210x_device byte send 00 eoi 0
+3851.763407814: grid210x_device byte send 00 eoi 0
+3851.763465815: grid210x_device byte send 00 eoi 0
+3851.763520816: grid210x_device byte send 00 eoi 0
+3851.763574817: grid210x_device byte send 00 eoi 0
+3851.763630819: grid210x_device byte send 00 eoi 0
+3851.763684820: grid210x_device byte send 00 eoi 0
+3851.763738821: grid210x_device byte send 00 eoi 0
+3851.763792822: grid210x_device byte send 00 eoi 0
+3851.763844823: grid210x_device byte send 00 eoi 0
+3851.763897824: grid210x_device byte send 00 eoi 0
+3851.763952826: grid210x_device byte send 00 eoi 0
+3851.764006827: grid210x_device byte send 00 eoi 0
+3851.764061828: grid210x_device byte send 00 eoi 0
+3851.764117829: grid210x_device byte send 00 eoi 0
+3851.764174830: grid210x_device byte send 00 eoi 0
+3851.764368835: grid210x_device byte send 00 eoi 0
+3851.764438836: grid210x_device byte send 00 eoi 0
+3851.764496837: grid210x_device byte send 00 eoi 0
+3851.764554839: grid210x_device byte send 00 eoi 0
+3851.764610840: grid210x_device byte send 00 eoi 0
+3851.764665841: grid210x_device byte send 00 eoi 0
+3851.764720842: grid210x_device byte send 00 eoi 0
+3851.764774843: grid210x_device byte send 00 eoi 0
+3851.764829845: grid210x_device byte send 00 eoi 0
+3851.764884846: grid210x_device byte send 00 eoi 0
+3851.764940847: grid210x_device byte send 00 eoi 0
+3851.764994848: grid210x_device byte send 00 eoi 0
+3851.765050849: grid210x_device byte send 00 eoi 0
+3851.765104851: grid210x_device byte send 00 eoi 0
+3851.765159852: grid210x_device byte send 00 eoi 0
+3851.765215853: grid210x_device byte send 00 eoi 0
+3851.765404857: grid210x_device byte send 00 eoi 0
+3851.765473859: grid210x_device byte send 00 eoi 0
+3851.765617862: grid210x_device byte send 00 eoi 0
+3851.765675863: grid210x_device byte send 00 eoi 0
+3851.765729864: grid210x_device byte send 00 eoi 0
+3851.765783865: grid210x_device byte send 00 eoi 0
+3851.765838867: grid210x_device byte send 00 eoi 0
+3851.765893868: grid210x_device byte send 00 eoi 0
+3851.765948869: grid210x_device byte send 00 eoi 0
+3851.766002870: grid210x_device byte send 00 eoi 0
+3851.766056871: grid210x_device byte send 00 eoi 0
+3851.766110873: grid210x_device byte send 00 eoi 0
+3851.766166874: grid210x_device byte send 00 eoi 0
+3851.766221875: grid210x_device byte send 00 eoi 0
+3851.766275876: grid210x_device byte send 00 eoi 0
+3851.766463880: grid210x_device byte send 00 eoi 0
+3851.766530882: grid210x_device byte send 00 eoi 0
+3851.766592883: grid210x_device byte send 00 eoi 0
+3851.766650884: grid210x_device byte send 00 eoi 0
+3851.766705885: grid210x_device byte send 00 eoi 0
+3851.766760887: grid210x_device byte send 00 eoi 0
+3851.766815888: grid210x_device byte send 00 eoi 0
+3851.766870889: grid210x_device byte send 00 eoi 0
+3851.766981891: grid210x_device byte send 00 eoi 0
+3851.767085894: grid210x_device byte send 00 eoi 0
+3851.767147895: grid210x_device byte send 00 eoi 0
+3851.767205896: grid210x_device byte send 00 eoi 0
+3851.767261898: grid210x_device byte send 00 eoi 0
+3851.767316899: grid210x_device byte send 00 eoi 0
+3851.767533903: grid210x_device byte send 00 eoi 0
+3851.767607905: grid210x_device byte send 00 eoi 0
+3851.767667906: grid210x_device byte send 00 eoi 0
+3851.767722908: grid210x_device byte send 00 eoi 0
+3851.768044915: grid210x_device byte send 00 eoi 0
+3851.768108916: grid210x_device byte send 00 eoi 0
+3851.768166917: grid210x_device byte send 00 eoi 0
+3851.768221918: grid210x_device byte send 00 eoi 0
+3851.768276920: grid210x_device byte send 00 eoi 0
+3851.768332921: grid210x_device byte send 00 eoi 0
+3851.768384922: grid210x_device byte send 00 eoi 0
+3851.768614927: grid210x_device byte send 00 eoi 0
+3851.768691929: grid210x_device byte send 00 eoi 0
+3851.768749930: grid210x_device byte send 00 eoi 0
+3851.768807931: grid210x_device byte send 00 eoi 0
+3851.768862932: grid210x_device byte send 00 eoi 0
+3851.768916933: grid210x_device byte send 00 eoi 0
+3851.768970935: grid210x_device byte send 00 eoi 0
+3851.769025936: grid210x_device byte send 00 eoi 0
+3851.769080937: grid210x_device byte send 00 eoi 0
+3851.769134938: grid210x_device byte send 00 eoi 0
+3851.769191939: grid210x_device byte send 00 eoi 0
+3851.769245941: grid210x_device byte send 00 eoi 0
+3851.769300942: grid210x_device byte send 00 eoi 0
+3851.769354943: grid210x_device byte send 00 eoi 0
+3851.769408944: grid210x_device byte send 00 eoi 0
+3851.769465945: grid210x_device byte send 00 eoi 0
+3851.769519947: grid210x_device byte send 00 eoi 0
+3851.769723951: grid210x_device byte send 00 eoi 0
+3851.769784952: grid210x_device byte send 00 eoi 0
+3851.769842954: grid210x_device byte send 00 eoi 0
+3851.769896955: grid210x_device byte send 00 eoi 0
+3851.769952956: grid210x_device byte send 00 eoi 0
+3851.770074959: grid210x_device byte send 00 eoi 0
+3851.770141960: grid210x_device byte send 00 eoi 0
+3851.770202961: grid210x_device byte send 00 eoi 0
+3851.770259963: grid210x_device byte send 00 eoi 0
+3851.770317964: grid210x_device byte send 00 eoi 0
+3851.770371965: grid210x_device byte send 00 eoi 0
+3851.770427966: grid210x_device byte send 00 eoi 0
+3851.770481967: grid210x_device byte send 00 eoi 0
+3851.770537969: grid210x_device byte send 00 eoi 0
+3851.770720973: grid210x_device byte send 00 eoi 0
+3851.770795974: grid210x_device byte send 00 eoi 0
+3851.770855976: grid210x_device byte send 00 eoi 0
+3851.770912977: grid210x_device byte send 00 eoi 0
+3851.770968978: grid210x_device byte send 00 eoi 0
+3851.771022979: grid210x_device byte send 00 eoi 0
+3851.771076980: grid210x_device byte send 00 eoi 0
+3851.771130982: grid210x_device byte send 00 eoi 0
+3851.771188983: grid210x_device byte send 00 eoi 0
+3851.771241984: grid210x_device byte send 00 eoi 0
+3851.771296985: grid210x_device byte send 00 eoi 0
+3851.771350986: grid210x_device byte send 00 eoi 0
+3851.771404988: grid210x_device byte send 00 eoi 0
+3851.771460989: grid210x_device byte send 00 eoi 0
+3851.771513990: grid210x_device byte send 00 eoi 0
+3851.771569991: grid210x_device byte send 00 eoi 0
+3851.771624992: grid210x_device byte send 00 eoi 0
+3851.771815996: grid210x_device byte send 00 eoi 0
+3851.771888998: grid210x_device byte send 00 eoi 0
+3851.771946999: grid210x_device byte send 00 eoi 0
+3851.772003001: grid210x_device byte send 00 eoi 0
+3851.772058002: grid210x_device byte send 00 eoi 0
+3851.772112003: grid210x_device byte send 00 eoi 0
+3851.772168004: grid210x_device byte send 00 eoi 0
+3851.772223005: grid210x_device byte send 00 eoi 0
+3851.772277006: grid210x_device byte send 00 eoi 0
+3851.772333008: grid210x_device byte send 00 eoi 0
+3851.772387009: grid210x_device byte send 00 eoi 0
+3851.772445010: grid210x_device byte send 00 eoi 0
+3851.772500011: grid210x_device byte send 00 eoi 0
+3851.772555013: grid210x_device byte send 00 eoi 0
+3851.772611014: grid210x_device byte send 00 eoi 0
+3851.772666015: grid210x_device byte send 00 eoi 0
+3851.772874019: grid210x_device byte send 00 eoi 0
+3851.772947021: grid210x_device byte send 00 eoi 0
+3851.773005022: grid210x_device byte send 00 eoi 0
+3851.773061024: grid210x_device byte send 00 eoi 0
+3851.773118025: grid210x_device byte send 00 eoi 0
+3851.773176026: grid210x_device byte send 00 eoi 0
+3851.773229027: grid210x_device byte send 00 eoi 0
+3851.773283028: grid210x_device byte send 00 eoi 0
+3851.773645036: grid210x_device byte send 00 eoi 0
+3851.773712038: grid210x_device byte send 00 eoi 0
+3851.773954043: grid210x_device byte send 00 eoi 0
+3851.774031045: grid210x_device byte send 00 eoi 0
+3851.774094046: grid210x_device byte send 00 eoi 0
+3851.774151047: grid210x_device byte send 00 eoi 0
+3851.774208048: grid210x_device byte send 00 eoi 0
+3851.774264050: grid210x_device byte send 00 eoi 0
+3851.774321051: grid210x_device byte send 00 eoi 0
+3851.774377052: grid210x_device byte send 00 eoi 0
+3851.774433053: grid210x_device byte send 00 eoi 0
+3851.774488055: grid210x_device byte send 00 eoi 0
+3851.774543056: grid210x_device byte send 00 eoi 0
+3851.774597057: grid210x_device byte send 00 eoi 0
+3851.774650058: grid210x_device byte send 00 eoi 0
+3851.774706059: grid210x_device byte send 00 eoi 0
+3851.774760060: grid210x_device byte send 00 eoi 0
+3851.774816062: grid210x_device byte send 00 eoi 0
+3851.775089068: grid210x_device byte send 00 eoi 0
+3851.775170069: grid210x_device byte send 00 eoi 0
+3851.775229071: grid210x_device byte send 00 eoi 0
+3851.775285072: grid210x_device byte send 00 eoi 0
+3851.775343073: grid210x_device byte send 00 eoi 0
+3851.775397074: grid210x_device byte send 00 eoi 0
+3851.775454076: grid210x_device byte send 00 eoi 0
+3851.775509077: grid210x_device byte send 00 eoi 0
+3851.775564078: grid210x_device byte send 00 eoi 0
+3851.775618079: grid210x_device byte send 00 eoi 0
+3851.775674080: grid210x_device byte send 00 eoi 0
+3851.775729082: grid210x_device byte send 00 eoi 0
+3851.775783083: grid210x_device byte send 00 eoi 0
+3851.775841084: grid210x_device byte send 00 eoi 0
+3851.775894085: grid210x_device byte send 00 eoi 0
+3851.775949086: grid210x_device byte send 00 eoi 0
+3851.776147091: grid210x_device byte send 00 eoi 0
+3851.776220092: grid210x_device byte send 00 eoi 0
+3851.776277093: grid210x_device byte send 00 eoi 0
+3851.776333095: grid210x_device byte send 00 eoi 0
+3851.776388096: grid210x_device byte send 00 eoi 0
+3851.776443097: grid210x_device byte send 00 eoi 0
+3851.776497098: grid210x_device byte send 00 eoi 0
+3851.776552099: grid210x_device byte send 00 eoi 0
+3851.776606101: grid210x_device byte send 00 eoi 0
+3851.776662102: grid210x_device byte send 00 eoi 0
+3851.776719103: grid210x_device byte send 00 eoi 0
+3851.776772104: grid210x_device byte send 00 eoi 0
+3851.776828105: grid210x_device byte send 00 eoi 0
+3851.776882107: grid210x_device byte send 00 eoi 0
+3851.776937108: grid210x_device byte send 00 eoi 0
+3851.776993109: grid210x_device byte send 00 eoi 0
+3851.777193113: grid210x_device byte send 00 eoi 0
+3851.777271115: grid210x_device byte send 00 eoi 0
+3851.777330116: grid210x_device byte send 00 eoi 0
+3851.777384117: grid210x_device byte send 00 eoi 0
+3851.777440119: grid210x_device byte send 00 eoi 0
+3851.777494120: grid210x_device byte send 00 eoi 0
+3851.777549121: grid210x_device byte send 00 eoi 0
+3851.777604122: grid210x_device byte send 00 eoi 0
+3851.777656123: grid210x_device byte send 00 eoi 0
+3851.777713125: grid210x_device byte send 00 eoi 0
+3851.777767126: grid210x_device byte send 00 eoi 0
+3851.777821127: grid210x_device byte send 00 eoi 0
+3851.777875128: grid210x_device byte send 00 eoi 0
+3851.777929129: grid210x_device byte send 00 eoi 0
+3851.777985131: grid210x_device byte send 00 eoi 0
+3851.778038132: grid210x_device byte send 00 eoi 0
+3851.778094133: grid210x_device byte send 00 eoi 0
+3851.778308138: grid210x_device byte send 00 eoi 0
+3851.778371139: grid210x_device byte send 00 eoi 0
+3851.778428140: grid210x_device byte send 00 eoi 0
+3851.778484141: grid210x_device byte send 00 eoi 0
+3851.778538143: grid210x_device byte send 00 eoi 0
+3851.778594144: grid210x_device byte send 00 eoi 0
+3851.778648145: grid210x_device byte send 00 eoi 0
+3851.778704146: grid210x_device byte send 00 eoi 0
+3851.778758147: grid210x_device byte send 00 eoi 0
+3851.778813149: grid210x_device byte send 00 eoi 0
+3851.778867150: grid210x_device byte send 00 eoi 0
+3851.779351160: grid210x_device byte send 00 eoi 0
+3851.779434162: grid210x_device byte send 00 eoi 0
+3851.779493163: grid210x_device byte send 00 eoi 0
+3851.779550165: grid210x_device byte send 00 eoi 0
+3851.779605166: grid210x_device byte send 00 eoi 0
+3851.779659167: grid210x_device byte send 00 eoi 0
+3851.779716168: grid210x_device byte send 00 eoi 0
+3851.779769169: grid210x_device byte send 00 eoi 0
+3851.779825171: grid210x_device byte send 00 eoi 0
+3851.779879172: grid210x_device byte send 00 eoi 0
+3851.779935173: grid210x_device byte send 00 eoi 0
+3851.779989174: grid210x_device byte send 00 eoi 0
+3851.780117177: grid210x_device byte send 00 eoi 0
+3851.780182178: grid210x_device byte send 00 eoi 0
+3851.780238179: grid210x_device byte send 00 eoi 0
+3851.780439184: grid210x_device byte send 00 eoi 0
+3851.780510185: grid210x_device byte send 00 eoi 0
+3851.780567187: grid210x_device byte send 00 eoi 0
+3851.780623188: grid210x_device byte send 00 eoi 0
+3851.780679189: grid210x_device byte send 00 eoi 0
+3851.780732190: grid210x_device byte send 00 eoi 0
+3851.780786191: grid210x_device byte send 00 eoi 0
+3851.780843193: grid210x_device byte send 00 eoi 0
+3851.780899194: grid210x_device byte send 00 eoi 0
+3851.780954195: grid210x_device byte send 00 eoi 0
+3851.781007196: grid210x_device byte send 00 eoi 0
+3851.781062197: grid210x_device byte send 00 eoi 0
+3851.781117199: grid210x_device byte send 00 eoi 0
+3851.781174200: grid210x_device byte send 00 eoi 0
+3851.781230201: grid210x_device byte send 00 eoi 0
+3851.781283202: grid210x_device byte send 00 eoi 0
+3851.781472206: grid210x_device byte send 00 eoi 0
+3851.781539208: grid210x_device byte send 00 eoi 0
+3851.781600209: grid210x_device byte send 00 eoi 0
+3851.781654210: grid210x_device byte send 00 eoi 0
+3851.781712212: grid210x_device byte send 00 eoi 0
+3851.781766213: grid210x_device byte send 00 eoi 0
+3851.781823214: grid210x_device byte send 00 eoi 0
+3851.781876215: grid210x_device byte send 00 eoi 0
+3851.781932216: grid210x_device byte send 00 eoi 0
+3851.782075219: grid210x_device byte send 00 eoi 0
+3851.782129221: grid210x_device byte send 00 eoi 0
+3851.782184222: grid210x_device byte send 00 eoi 0
+3851.782239223: grid210x_device byte send 00 eoi 0
+3851.782295224: grid210x_device byte send 00 eoi 0
+3851.782350225: grid210x_device byte send 00 eoi 0
+3851.782566230: grid210x_device byte send 00 eoi 0
+3851.782640232: grid210x_device byte send 00 eoi 0
+3851.782699233: grid210x_device byte send 00 eoi 0
+3851.782754234: grid210x_device byte send 00 eoi 0
+3851.782810235: grid210x_device byte send 00 eoi 0
+3851.782864237: grid210x_device byte send 00 eoi 0
+3851.782969239: grid210x_device byte send 00 eoi 0
+3851.783034240: grid210x_device byte send 00 eoi 0
+3851.783132242: grid210x_device byte send 00 eoi 0
+3851.783190244: grid210x_device byte send 00 eoi 0
+3851.783246245: grid210x_device byte send 00 eoi 0
+3851.783301246: grid210x_device byte send 00 eoi 0
+3851.783357247: grid210x_device byte send 00 eoi 0
+3851.783412248: grid210x_device byte send 00 eoi 0
+3851.783615253: grid210x_device byte send 00 eoi 0
+3851.783689254: grid210x_device byte send 00 eoi 0
+3851.783747256: grid210x_device byte send 00 eoi 0
+3851.783804257: grid210x_device byte send 00 eoi 0
+3851.783858258: grid210x_device byte send 00 eoi 0
+3851.783911259: grid210x_device byte send 00 eoi 0
+3851.783966260: grid210x_device byte send 00 eoi 0
+3851.784020262: grid210x_device byte send 00 eoi 0
+3851.784075263: grid210x_device byte send 00 eoi 0
+3851.784129264: grid210x_device byte send 00 eoi 0
+3851.784185265: grid210x_device byte send 00 eoi 0
+3851.784238266: grid210x_device byte send 00 eoi 0
+3851.784293268: grid210x_device byte send 00 eoi 0
+3851.784346269: grid210x_device byte send 00 eoi 0
+3851.784400270: grid210x_device byte send 00 eoi 0
+3851.784456271: grid210x_device byte send 00 eoi 0
+3851.784510272: grid210x_device byte send 00 eoi 0
+3851.784714277: grid210x_device byte send 00 eoi 0
+3851.784774278: grid210x_device byte send 00 eoi 0
+3851.785132286: grid210x_device byte send 00 eoi 0
+3851.785201287: grid210x_device byte send 00 eoi 0
+3851.785258289: grid210x_device byte send 00 eoi 0
+3851.785311290: grid210x_device byte send 00 eoi 0
+3851.785367291: grid210x_device byte send 00 eoi 0
+3851.785424292: grid210x_device byte send 00 eoi 0
+3851.785479293: grid210x_device byte send 00 eoi 0
+3851.785534295: grid210x_device byte send 00 eoi 0
+3851.785774300: grid210x_device byte send 00 eoi 0
+3851.785849301: grid210x_device byte send 00 eoi 0
+3851.785908303: grid210x_device byte send 00 eoi 0
+3851.785968304: grid210x_device byte send 00 eoi 0
+3851.786023305: grid210x_device byte send 00 eoi 0
+3851.786078306: grid210x_device byte send 00 eoi 0
+3851.786133308: grid210x_device byte send 00 eoi 0
+3851.786187309: grid210x_device byte send 00 eoi 0
+3851.786241310: grid210x_device byte send 00 eoi 0
+3851.786298311: grid210x_device byte send 00 eoi 0
+3851.786352312: grid210x_device byte send 00 eoi 0
+3851.786406314: grid210x_device byte send 00 eoi 0
+3851.786464315: grid210x_device byte send 00 eoi 0
+3851.786518316: grid210x_device byte send 00 eoi 0
+3851.786573317: grid210x_device byte send 00 eoi 0
+3851.786625318: grid210x_device byte send 00 eoi 0
+3851.786812322: grid210x_device byte send 00 eoi 0
+3851.786884324: grid210x_device byte send 00 eoi 0
+3851.786943325: grid210x_device byte send 00 eoi 0
+3851.786999326: grid210x_device byte send 00 eoi 0
+3851.787057328: grid210x_device byte send 00 eoi 0
+3851.787111329: grid210x_device byte send 00 eoi 0
+3851.787168330: grid210x_device byte send 00 eoi 0
+3851.787222331: grid210x_device byte send 00 eoi 0
+3851.787276332: grid210x_device byte send 00 eoi 0
+3851.787331334: grid210x_device byte send 00 eoi 0
+3851.787384335: grid210x_device byte send 00 eoi 0
+3851.787441336: grid210x_device byte send 00 eoi 0
+3851.787495337: grid210x_device byte send 00 eoi 0
+3851.787551338: grid210x_device byte send 00 eoi 0
+3851.787606340: grid210x_device byte send 00 eoi 0
+3851.787662341: grid210x_device byte send 00 eoi 0
+3851.787718342: grid210x_device byte send 00 eoi 0
+3851.787934347: grid210x_device byte send 00 eoi 0
+3851.788000348: grid210x_device byte send 00 eoi 0
+3851.788058349: grid210x_device byte send 00 eoi 0
+3851.788114351: grid210x_device byte send 00 eoi 0
+3851.788171352: grid210x_device byte send 00 eoi 0
+3851.788225353: grid210x_device byte send 00 eoi 0
+3851.788279354: grid210x_device byte send 00 eoi 0
+3851.788334355: grid210x_device byte send 00 eoi 0
+3851.788389357: grid210x_device byte send 00 eoi 0
+3851.788445358: grid210x_device byte send 00 eoi 0
+3851.788499359: grid210x_device byte send 00 eoi 0
+3851.788555360: grid210x_device byte send 00 eoi 0
+3851.788609361: grid210x_device byte send 00 eoi 0
+3851.788666363: grid210x_device byte send 00 eoi 0
+3851.788721364: grid210x_device byte send 00 eoi 0
+3851.788774365: grid210x_device byte send 00 eoi 0
+3851.788960369: grid210x_device byte send 00 eoi 0
+3851.789030371: grid210x_device byte send 00 eoi 0
+3851.789090372: grid210x_device byte send 00 eoi 0
+3851.789145373: grid210x_device byte send 00 eoi 0
+3851.789201374: grid210x_device byte send 00 eoi 0
+3851.789257375: grid210x_device byte send 00 eoi 0
+3851.789312377: grid210x_device byte send 00 eoi 0
+3851.789366378: grid210x_device byte send 00 eoi 0
+3851.789420379: grid210x_device byte send 00 eoi 0
+3851.789472380: grid210x_device byte send 00 eoi 0
+3851.789526381: grid210x_device byte send 00 eoi 0
+3851.789582383: grid210x_device byte send 00 eoi 0
+3851.789636384: grid210x_device byte send 00 eoi 0
+3851.789693385: grid210x_device byte send 00 eoi 0
+3851.789747386: grid210x_device byte send 00 eoi 0
+3851.789804387: grid210x_device byte send 00 eoi 0
+3851.789990391: grid210x_device byte send 00 eoi 0
+3851.790216396: grid210x_device byte send 00 eoi 0
+3851.790278398: grid210x_device byte send 00 eoi 0
+3851.790337399: grid210x_device byte send 00 eoi 0
+3851.790392400: grid210x_device byte send 00 eoi 0
+3851.790449401: grid210x_device byte send 00 eoi 0
+3851.790806409: grid210x_device byte send 00 eoi 0
+3851.790871411: grid210x_device byte send 00 eoi 0
+3851.791207418: grid210x_device byte send 00 eoi 0
+3851.791282419: grid210x_device byte send 00 eoi 0
+3851.791342421: grid210x_device byte send 00 eoi 0
+3851.791398422: grid210x_device byte send 00 eoi 0
+3851.791454423: grid210x_device byte send 00 eoi 0
+3851.791508424: grid210x_device byte send 00 eoi 0
+3851.791565426: grid210x_device byte send 00 eoi 0
+3851.791631427: grid210x_device byte send 00 eoi 0
+3851.791688428: grid210x_device byte send 00 eoi 0
+3851.791744430: grid210x_device byte send 00 eoi 0
+3851.791801431: grid210x_device byte send 00 eoi 0
+3851.791856432: grid210x_device byte send 00 eoi 0
+3851.791910433: grid210x_device byte send 00 eoi 0
+3851.791966434: grid210x_device byte send 00 eoi 0
+3851.792019435: grid210x_device byte send 00 eoi 0
+3851.792076437: grid210x_device byte send 00 eoi 0
+3851.792281441: grid210x_device byte send 00 eoi 0
+3851.792356443: grid210x_device byte send 00 eoi 0
+3851.792416444: grid210x_device byte send 00 eoi 0
+3851.792473445: grid210x_device byte send 00 eoi 0
+3851.792527447: grid210x_device byte send 00 eoi 0
+3851.792584448: grid210x_device byte send 00 eoi 0
+3851.792641449: grid210x_device byte send 00 eoi 0
+3851.792694450: grid210x_device byte send 00 eoi 0
+3851.792749451: grid210x_device byte send 00 eoi 0
+3851.792806453: grid210x_device byte send 00 eoi 0
+3851.792862454: grid210x_device byte send 00 eoi 0
+3851.792917455: grid210x_device byte send 00 eoi 0
+3851.792972456: grid210x_device byte send 00 eoi 0
+3851.793026457: grid210x_device byte send 00 eoi 0
+3851.793080459: grid210x_device byte send 00 eoi 0
+3851.793135460: grid210x_device byte send 00 eoi 0
+3851.793345464: grid210x_device byte send 00 eoi 0
+3851.793418466: grid210x_device byte send 00 eoi 0
+3851.793477467: grid210x_device byte send 00 eoi 0
+3851.793531468: grid210x_device byte send 00 eoi 0
+3851.793588470: grid210x_device byte send 00 eoi 0
+3851.793642471: grid210x_device byte send 00 eoi 0
+3851.793696472: grid210x_device byte send 00 eoi 0
+3851.793749473: grid210x_device byte send 00 eoi 0
+3851.793805474: grid210x_device byte send 00 eoi 0
+3851.793859475: grid210x_device byte send 00 eoi 0
+3851.793916477: grid210x_device byte send 00 eoi 0
+3851.793970478: grid210x_device byte send 00 eoi 0
+3851.794024479: grid210x_device byte send 00 eoi 0
+3851.794079480: grid210x_device byte send 00 eoi 0
+3851.794133481: grid210x_device byte send 00 eoi 0
+3851.794187483: grid210x_device byte send 00 eoi 0
+3851.794373487: grid210x_device byte send 00 eoi 0
+3851.794447488: grid210x_device byte send 00 eoi 0
+3851.794505490: grid210x_device byte send 00 eoi 0
+3851.794563491: grid210x_device byte send 00 eoi 0
+3851.794617492: grid210x_device byte send 00 eoi 0
+3851.794672493: grid210x_device byte send 00 eoi 0
+3851.794728494: grid210x_device byte send 00 eoi 0
+3851.794781495: grid210x_device byte send 00 eoi 0
+3851.794836497: grid210x_device byte send 00 eoi 0
+3851.794891498: grid210x_device byte send 00 eoi 0
+3851.794947499: grid210x_device byte send 00 eoi 0
+3851.794997500: grid210x_device byte send 00 eoi 1
+3851.795470510: grid210x_device byte recv 5f atn 1 eoi 0
+3851.795510511: grid210x_device now not talking
+3851.797975565: grid210x_device byte recv 25 atn 1 eoi 0
+3851.798020566: grid210x_device now listening
+3851.799337595: grid210x_device byte recv 04 atn 0 eoi 0
+3851.799433597: grid210x_device byte recv 00 atn 0 eoi 0
+3851.799647601: grid210x_device byte recv 00 atn 0 eoi 0
+3851.799739603: grid210x_device byte recv 01 atn 0 eoi 0
+3851.799810605: grid210x_device byte recv 00 atn 0 eoi 0
+3851.799880606: grid210x_device byte recv 00 atn 0 eoi 0
+3851.799949608: grid210x_device byte recv 00 atn 0 eoi 0
+3851.800087611: grid210x_device byte recv 00 atn 0 eoi 0
+3851.800172613: grid210x_device byte recv 02 atn 0 eoi 0
+3851.801255636: grid210x_device byte recv 00 atn 0 eoi 1
+3851.801344638: grid210x_device byte recv 3f atn 1 eoi 0
+3851.801850649: grid210x_device now not listening
+3851.801873650: grid210x_device command 4, data size 512, sector no 1
+3851.802616666: grid210x_device byte recv 18 atn 1 eoi 0
+3851.803174678: grid210x_device byte recv 45 atn 1 eoi 0
+3851.803226679: grid210x_device now talking
+3851.803261680: grid210x_device byte send 4f eoi 0
+3851.803387683: grid210x_device byte recv 19 atn 1 eoi 0
+3851.803466684: grid210x_device byte recv 5f atn 1 eoi 0
+3851.803492685: grid210x_device now not talking
+3851.804823714: grid210x_device byte recv 45 atn 1 eoi 0
+3851.804867715: grid210x_device now talking
+3851.806044740: grid210x_device byte send 9a eoi 0
+3851.806494750: grid210x_device byte send 42 eoi 0
+3851.806566752: grid210x_device byte send 07 eoi 0
+3851.806625753: grid210x_device byte send 01 eoi 0
+3851.806680754: grid210x_device byte send 20 eoi 0
+3851.806734755: grid210x_device byte send 55 eoi 0
+3851.806786756: grid210x_device byte send b8 eoi 0
+3851.806841758: grid210x_device byte send 80 eoi 0
+3851.806894759: grid210x_device byte send 20 eoi 0
+3851.807003761: grid210x_device byte send 8e eoi 0
+3851.807099763: grid210x_device byte send d8 eoi 0
+3851.807159764: grid210x_device byte send bb eoi 0
+3851.807218766: grid210x_device byte send 08 eoi 0
+3851.807273767: grid210x_device byte send 00 eoi 0
+3851.807484772: grid210x_device byte send 58 eoi 0
+3851.807543773: grid210x_device byte send 59 eoi 0
+3851.807600774: grid210x_device byte send 89 eoi 0
+3851.807653775: grid210x_device byte send 0f eoi 0
+3851.807710776: grid210x_device byte send 89 eoi 0
+3851.807762778: grid210x_device byte send 47 eoi 0
+3851.807817779: grid210x_device byte send 02 eoi 0
+3851.807871780: grid210x_device byte send eb eoi 0
+3851.807927781: grid210x_device byte send e9 eoi 0
+3851.807980782: grid210x_device byte send 55 eoi 0
+3851.808031783: grid210x_device byte send 43 eoi 0
+3851.808085785: grid210x_device byte send 61 eoi 0
+3851.808138786: grid210x_device byte send 6e eoi 0
+3851.808191787: grid210x_device byte send 6e eoi 0
+3851.808244788: grid210x_device byte send 6f eoi 0
+3851.808297789: grid210x_device byte send 74 eoi 0
+3851.808474793: grid210x_device byte send 20 eoi 0
+3851.808545795: grid210x_device byte send 62 eoi 0
+3851.808607796: grid210x_device byte send 6f eoi 0
+3851.808661797: grid210x_device byte send 6f eoi 0
+3851.808716798: grid210x_device byte send 74 eoi 0
+3851.808768799: grid210x_device byte send 3a eoi 0
+3851.808820801: grid210x_device byte send 20 eoi 0
+3851.808872802: grid210x_device byte send 4d eoi 0
+3851.808927803: grid210x_device byte send 65 eoi 0
+3851.808980804: grid210x_device byte send 64 eoi 0
+3851.809033805: grid210x_device byte send 69 eoi 0
+3851.809088806: grid210x_device byte send 75 eoi 0
+3851.809140808: grid210x_device byte send 6d eoi 0
+3851.809192809: grid210x_device byte send 20 eoi 0
+3851.809246810: grid210x_device byte send 65 eoi 0
+3851.809300811: grid210x_device byte send 72 eoi 0
+3851.809353812: grid210x_device byte send 72 eoi 0
+3851.809556817: grid210x_device byte send 6f eoi 0
+3851.809625818: grid210x_device byte send 72 eoi 0
+3851.809682819: grid210x_device byte send 0d eoi 0
+3851.809739821: grid210x_device byte send 0a eoi 0
+3851.809798822: grid210x_device byte send 43 eoi 0
+3851.809853823: grid210x_device byte send 43 eoi 0
+3851.809906824: grid210x_device byte send 4f eoi 0
+3851.809962825: grid210x_device byte send 53 eoi 0
+3851.810087828: grid210x_device byte send 20 eoi 0
+3851.810150829: grid210x_device byte send 6e eoi 0
+3851.810207831: grid210x_device byte send 6f eoi 0
+3851.810261832: grid210x_device byte send 74 eoi 0
+3851.810316833: grid210x_device byte send 20 eoi 0
+3851.810370834: grid210x_device byte send 66 eoi 0
+3851.810425835: grid210x_device byte send 6f eoi 0
+3851.810615840: grid210x_device byte send 75 eoi 0
+3851.810683841: grid210x_device byte send 6e eoi 0
+3851.810739842: grid210x_device byte send 64 eoi 0
+3851.810793843: grid210x_device byte send 0d eoi 0
+3851.810849845: grid210x_device byte send 0a eoi 0
+3851.810904846: grid210x_device byte send 43 eoi 0
+3851.811269854: grid210x_device byte send 68 eoi 0
+3851.811332855: grid210x_device byte send 65 eoi 0
+3851.811387856: grid210x_device byte send 63 eoi 0
+3851.811442858: grid210x_device byte send 6b eoi 0
+3851.811494859: grid210x_device byte send 73 eoi 0
+3851.811742864: grid210x_device byte send 75 eoi 0
+3851.811810866: grid210x_device byte send 6d eoi 0
+3851.811865867: grid210x_device byte send 20 eoi 0
+3851.811922868: grid210x_device byte send 65 eoi 0
+3851.811975869: grid210x_device byte send 72 eoi 0
+3851.812029870: grid210x_device byte send 72 eoi 0
+3851.812084871: grid210x_device byte send 6f eoi 0
+3851.812136873: grid210x_device byte send 72 eoi 0
+3851.812192874: grid210x_device byte send 20 eoi 0
+3851.812244875: grid210x_device byte send 69 eoi 0
+3851.812298876: grid210x_device byte send 6e eoi 0
+3851.812352877: grid210x_device byte send 20 eoi 0
+3851.812404878: grid210x_device byte send 43 eoi 0
+3851.812458880: grid210x_device byte send 43 eoi 0
+3851.812510881: grid210x_device byte send 4f eoi 0
+3851.812562882: grid210x_device byte send 53 eoi 0
+3851.812614883: grid210x_device byte send 0d eoi 0
+3851.812828888: grid210x_device byte send 0a eoi 0
+3851.812890889: grid210x_device byte send 11 eoi 0
+3851.812945890: grid210x_device byte send 50 eoi 0
+3851.813000891: grid210x_device byte send 72 eoi 0
+3851.813054893: grid210x_device byte send 6f eoi 0
+3851.813107894: grid210x_device byte send 67 eoi 0
+3851.813161895: grid210x_device byte send 72 eoi 0
+3851.813217896: grid210x_device byte send 61 eoi 0
+3851.813271897: grid210x_device byte send 6d eoi 0
+3851.813326898: grid210x_device byte send 73 eoi 0
+3851.813378900: grid210x_device byte send 7e eoi 0
+3851.813431901: grid210x_device byte send 53 eoi 0
+3851.813483902: grid210x_device byte send 75 eoi 0
+3851.813537903: grid210x_device byte send 62 eoi 0
+3851.813591904: grid210x_device byte send 6a eoi 0
+3851.813645905: grid210x_device byte send 65 eoi 0
+3851.813835910: grid210x_device byte send 63 eoi 0
+3851.813909911: grid210x_device byte send 74 eoi 0
+3851.813971912: grid210x_device byte send 7e eoi 0
+3851.814025914: grid210x_device byte send 0c eoi 0
+3851.814080915: grid210x_device byte send 43 eoi 0
+3851.814134916: grid210x_device byte send 43 eoi 0
+3851.814187917: grid210x_device byte send 4f eoi 0
+3851.814240918: grid210x_device byte send 53 eoi 0
+3851.814297920: grid210x_device byte send 7e eoi 0
+3851.814349921: grid210x_device byte send 53 eoi 0
+3851.814402922: grid210x_device byte send 79 eoi 0
+3851.814454923: grid210x_device byte send 73 eoi 0
+3851.814508924: grid210x_device byte send 74 eoi 0
+3851.814562925: grid210x_device byte send 65 eoi 0
+3851.814613926: grid210x_device byte send 6d eoi 0
+3851.814667928: grid210x_device byte send 7e eoi 0
+3851.814721929: grid210x_device byte send 18 eoi 0
+3851.814975934: grid210x_device byte send 53 eoi 0
+3851.815084937: grid210x_device byte send 63 eoi 0
+3851.815185939: grid210x_device byte send 72 eoi 0
+3851.815241940: grid210x_device byte send 65 eoi 0
+3851.815295941: grid210x_device byte send 65 eoi 0
+3851.815348942: grid210x_device byte send 6e eoi 0
+3851.815400944: grid210x_device byte send 2e eoi 0
+3851.815452945: grid210x_device byte send 49 eoi 0
+3851.815505946: grid210x_device byte send 6e eoi 0
+3851.815560947: grid210x_device byte send 69 eoi 0
+3851.815613948: grid210x_device byte send 74 eoi 0
+3851.815667949: grid210x_device byte send 7e eoi 0
+3851.815720951: grid210x_device byte send 53 eoi 0
+3851.815773952: grid210x_device byte send 63 eoi 0
+3851.815970956: grid210x_device byte send 72 eoi 0
+3851.816038957: grid210x_device byte send 65 eoi 0
+3851.816096959: grid210x_device byte send 65 eoi 0
+3851.816149960: grid210x_device byte send 6e eoi 0
+3851.816203961: grid210x_device byte send 49 eoi 0
+3851.816255962: grid210x_device byte send 6d eoi 0
+3851.816309963: grid210x_device byte send 61 eoi 0
+3851.816362964: grid210x_device byte send 67 eoi 0
+3851.816414966: grid210x_device byte send 65 eoi 0
+3851.816751973: grid210x_device byte send 7e eoi 0
+3851.816817974: grid210x_device byte send 55 eoi 0
+3851.817056980: grid210x_device byte send 80 eoi 0
+3851.817128981: grid210x_device byte send 20 eoi 0
+3851.817186982: grid210x_device byte send 00 eoi 0
+3851.817244984: grid210x_device byte send 00 eoi 0
+3851.817301985: grid210x_device byte send 40 eoi 0
+3851.817353986: grid210x_device byte send 00 eoi 0
+3851.817406987: grid210x_device byte send 55 eoi 0
+3851.817461988: grid210x_device byte send 8b eoi 0
+3851.817513989: grid210x_device byte send ec eoi 0
+3851.817566991: grid210x_device byte send b8 eoi 0
+3851.817620992: grid210x_device byte send 08 eoi 0
+3851.817676993: grid210x_device byte send 00 eoi 0
+3851.817729994: grid210x_device byte send 0e eoi 0
+3851.817782995: grid210x_device byte send 50 eoi 0
+3851.817838997: grid210x_device byte send b8 eoi 0
+3851.817891998: grid210x_device byte send 0d eoi 0
+3851.817946999: grid210x_device byte send 00 eoi 0
+3851.818144003: grid210x_device byte send 50 eoi 0
+3851.818215005: grid210x_device byte send 9a eoi 0
+3851.818270006: grid210x_device byte send 06 eoi 0
+3851.818327007: grid210x_device byte send 00 eoi 0
+3851.818381008: grid210x_device byte send ef eoi 0
+3851.818435009: grid210x_device byte send ff eoi 0
+3851.818489011: grid210x_device byte send 8b eoi 0
+3851.818543012: grid210x_device byte send 1e eoi 0
+3851.818595013: grid210x_device byte send 00 eoi 0
+3851.818650014: grid210x_device byte send 00 eoi 0
+3851.818705015: grid210x_device byte send 4b eoi 0
+3851.818757016: grid210x_device byte send d1 eoi 0
+3851.818813018: grid210x_device byte send e3 eoi 0
+3851.818865019: grid210x_device byte send 2e eoi 0
+3851.818918020: grid210x_device byte send ff eoi 0
+3851.818970021: grid210x_device byte send a7 eoi 0
+3851.819023022: grid210x_device byte send a7 eoi 0
+3851.819254027: grid210x_device byte send 00 eoi 0
+3851.819319029: grid210x_device byte send ad eoi 0
+3851.819374030: grid210x_device byte send 00 eoi 0
+3851.819430031: grid210x_device byte send b7 eoi 0
+3851.819484032: grid210x_device byte send 00 eoi 0
+3851.819539033: grid210x_device byte send c1 eoi 0
+3851.819594035: grid210x_device byte send 00 eoi 0
+3851.819647036: grid210x_device byte send b8 eoi 0
+3851.819702037: grid210x_device byte send 15 eoi 0
+3851.819755038: grid210x_device byte send 00 eoi 0
+3851.819811039: grid210x_device byte send 0e eoi 0
+3851.819864041: grid210x_device byte send 50 eoi 0
+3851.819917042: grid210x_device byte send b8 eoi 0
+3851.819970043: grid210x_device byte send 0e eoi 0
+3851.820100046: grid210x_device byte send 00 eoi 0
+3851.820310050: grid210x_device byte send eb eoi 0
+3851.820370052: grid210x_device byte send 12 eoi 0
+3851.820427053: grid210x_device byte send b8 eoi 0
+3851.820480054: grid210x_device byte send 23 eoi 0
+3851.820532055: grid210x_device byte send 00 eoi 0
+3851.820589056: grid210x_device byte send 0e eoi 0
+3851.820644057: grid210x_device byte send 50 eoi 0
+3851.820698059: grid210x_device byte send b8 eoi 0
+3851.820750060: grid210x_device byte send 10 eoi 0
+3851.820803061: grid210x_device byte send 00 eoi 0
+3851.820857062: grid210x_device byte send eb eoi 0
+3851.820909063: grid210x_device byte send 08 eoi 0
+3851.820966064: grid210x_device byte send b8 eoi 0
+3851.821017066: grid210x_device byte send 33 eoi 0
+3851.821072067: grid210x_device byte send 00 eoi 0
+3851.821127068: grid210x_device byte send 0e eoi 0
+3851.821314072: grid210x_device byte send 50 eoi 0
+3851.821382074: grid210x_device byte send b8 eoi 0
+3851.821440075: grid210x_device byte send 18 eoi 0
+3851.821495076: grid210x_device byte send 00 eoi 0
+3851.821552077: grid210x_device byte send 50 eoi 0
+3851.821605078: grid210x_device byte send 9a eoi 0
+3851.821656079: grid210x_device byte send 06 eoi 0
+3851.821712081: grid210x_device byte send 00 eoi 0
+3851.821765082: grid210x_device byte send ef eoi 0
+3851.821820083: grid210x_device byte send ff eoi 0
+3851.821873084: grid210x_device byte send b8 eoi 0
+3851.821929085: grid210x_device byte send e8 eoi 0
+3851.822478097: grid210x_device byte send 03 eoi 0
+3851.822548099: grid210x_device byte send 50 eoi 0
+3851.822603100: grid210x_device byte send 9a eoi 0
+3851.822657101: grid210x_device byte send d3 eoi 0
+3851.822712102: grid210x_device byte send 00 eoi 0
+3851.822767104: grid210x_device byte send ef eoi 0
+3851.822820105: grid210x_device byte send ff eoi 0
+3851.822873106: grid210x_device byte send 5d eoi 0
+3851.822982108: grid210x_device byte send c3 eoi 0
+3851.823077110: grid210x_device byte send 55 eoi 0
+3851.823138112: grid210x_device byte send 8b eoi 0
+3851.823196113: grid210x_device byte send ec eoi 0
+3851.823250114: grid210x_device byte send b0 eoi 0
+3851.823305115: grid210x_device byte send 00 eoi 0
+3851.823500120: grid210x_device byte send bf eoi 0
+3851.823569121: grid210x_device byte send 99 eoi 0
+3851.823623122: grid210x_device byte send 0e eoi 0
+3851.823681123: grid210x_device byte send b9 eoi 0
+3851.823734125: grid210x_device byte send 13 eoi 0
+3851.823786126: grid210x_device byte send 00 eoi 0
+3851.823843127: grid210x_device byte send 1e eoi 0
+3851.823896128: grid210x_device byte send 07 eoi 0
+3851.823951129: grid210x_device byte send fc eoi 0
+3851.824004130: grid210x_device byte send f2 eoi 0
+3851.824058132: grid210x_device byte send aa eoi 0
+3851.824111133: grid210x_device byte send a0 eoi 0
+3851.824165134: grid210x_device byte send b0 eoi 0
+3851.824219135: grid210x_device byte send 0e eoi 0
+3851.824274136: grid210x_device byte send a2 eoi 0
+3851.824329138: grid210x_device byte send a7 eoi 0
+3851.824382139: grid210x_device byte send 0e eoi 0
+3851.824611144: grid210x_device byte send c4 eoi 0
+3851.824673145: grid210x_device byte send 46 eoi 0
+3851.824727146: grid210x_device byte send 0a eoi 0
+3851.824782147: grid210x_device byte send a3 eoi 0
+3851.824838149: grid210x_device byte send 9b eoi 0
+3851.824891150: grid210x_device byte send 0e eoi 0
+3851.824947151: grid210x_device byte send 8c eoi 0
+3851.824999152: grid210x_device byte send 06 eoi 0
+3851.825056153: grid210x_device byte send 9d eoi 0
+3851.825109155: grid210x_device byte send 0e eoi 0
+3851.825162156: grid210x_device byte send 8b eoi 0
+3851.825218157: grid210x_device byte send 46 eoi 0
+3851.825271158: grid210x_device byte send 04 eoi 0
+3851.825327159: grid210x_device byte send a3 eoi 0
+3851.825378160: grid210x_device byte send a3 eoi 0
+3851.825432162: grid210x_device byte send 0e eoi 0
+3851.825622166: grid210x_device byte send 8b eoi 0
+3851.825691167: grid210x_device byte send 46 eoi 0
+3851.825746168: grid210x_device byte send 06 eoi 0
+3851.825803170: grid210x_device byte send 8b eoi 0
+3851.825856171: grid210x_device byte send 56 eoi 0
+3851.825907172: grid210x_device byte send 08 eoi 0
+3851.825965173: grid210x_device byte send a3 eoi 0
+3851.826019174: grid210x_device byte send 9f eoi 0
+3851.826074175: grid210x_device byte send 0e eoi 0
+3851.826127177: grid210x_device byte send 89 eoi 0
+3851.826181178: grid210x_device byte send 16 eoi 0
+3851.826235179: grid210x_device byte send a1 eoi 0
+3851.826288180: grid210x_device byte send 0e eoi 0
+3851.826345181: grid210x_device byte send 5d eoi 0
+3851.826397182: grid210x_device byte send c2 eoi 0
+3851.826452184: grid210x_device byte send 0a eoi 0
+3851.826507185: grid210x_device byte send 00 eoi 0
+3851.826707189: grid210x_device byte send 55 eoi 0
+3851.826768191: grid210x_device byte send 8b eoi 0
+3851.826825192: grid210x_device byte send ec eoi 0
+3851.826879193: grid210x_device byte send c4 eoi 0
+3851.826932194: grid210x_device byte send 46 eoi 0
+3851.826984195: grid210x_device byte send 04 eoi 0
+3851.827040196: grid210x_device byte send 06 eoi 0
+3851.827098198: grid210x_device byte send 50 eoi 0
+3851.827150199: grid210x_device byte send 8b eoi 0
+3851.827378204: grid210x_device byte send 46 eoi 0
+3851.827433205: grid210x_device byte send 08 eoi 0
+3851.827491206: grid210x_device byte send ba eoi 0
+3851.827544207: grid210x_device byte send 00 eoi 0
+3851.827728211: grid210x_device byte send 00 eoi 0
+3851.827796213: grid210x_device byte send 03 eoi 0
+3851.828120220: grid210x_device byte send 06 eoi 0
+3851.828185221: grid210x_device byte send 0c eoi 0
+3851.828241223: grid210x_device byte send 00 eoi 0
+3851.828296224: grid210x_device byte send 13 eoi 0
+3851.828348225: grid210x_device byte send 16 eoi 0
+3851.828401226: grid210x_device byte send 0e eoi 0
+3851.828455227: grid210x_device byte send 00 eoi 0
+3851.828510228: grid210x_device byte send 52 eoi 0
+3851.828564230: grid210x_device byte send 50 eoi 0
+3851.828617231: grid210x_device byte send ff eoi 0
+3851.828871236: grid210x_device byte send 36 eoi 0
+3851.828932238: grid210x_device byte send 22 eoi 0
+3851.828988239: grid210x_device byte send 00 eoi 0
+3851.829044240: grid210x_device byte send e8 eoi 0
+3851.829098241: grid210x_device byte send aa eoi 0
+3851.829150242: grid210x_device byte send ff eoi 0
+3851.829204243: grid210x_device byte send b8 eoi 0
+3851.829256245: grid210x_device byte send 04 eoi 0
+3851.829311246: grid210x_device byte send 00 eoi 0
+3851.829365247: grid210x_device byte send 50 eoi 0
+3851.829419248: grid210x_device byte send b8 eoi 0
+3851.829471249: grid210x_device byte send 99 eoi 0
+3851.829523250: grid210x_device byte send 0e eoi 0
+3851.829578252: grid210x_device byte send 1e eoi 0
+3851.829633253: grid210x_device byte send 50 eoi 0
+3851.829686254: grid210x_device byte send b8 eoi 0
+3851.829898259: grid210x_device byte send 6c eoi 0
+3851.829975260: grid210x_device byte send 0a eoi 0
+3851.830107263: grid210x_device byte send 1e eoi 0
+3851.830170264: grid210x_device byte send 50 eoi 0
+3851.830227266: grid210x_device byte send ff eoi 0
+3851.830279267: grid210x_device byte send 1e eoi 0
+3851.830333268: grid210x_device byte send ac eoi 0
+3851.830387269: grid210x_device byte send 0e eoi 0
+3851.830443270: grid210x_device byte send a1 eoi 0
+3851.830497272: grid210x_device byte send 6c eoi 0
+3851.830551273: grid210x_device byte send 0a eoi 0
+3851.830607274: grid210x_device byte send 5d eoi 0
+3851.830659275: grid210x_device byte send c2 eoi 0
+3851.830714276: grid210x_device byte send 06 eoi 0
+3851.830769277: grid210x_device byte send 00 eoi 0
+3851.831010283: grid210x_device byte send 55 eoi 0
+3851.831119285: grid210x_device byte send 8b eoi 0
+3851.831182286: grid210x_device byte send ec eoi 0
+3851.831237288: grid210x_device byte send c4 eoi 0
+3851.831289289: grid210x_device byte send 5e eoi 0
+3851.831433292: grid210x_device byte send 04 eoi 0
+3851.831488293: grid210x_device byte send 8d eoi 0
+3851.831542294: grid210x_device byte send 47 eoi 0
+3851.831595295: grid210x_device byte send 04 eoi 0
+3851.831650297: grid210x_device byte send a3 eoi 0
+3851.831703298: grid210x_device byte send 72 eoi 0
+3851.831756299: grid210x_device byte send 0a eoi 0
+3851.831811300: grid210x_device byte send 8c eoi 0
+3851.832016305: grid210x_device byte send 06 eoi 0
+3851.832091306: grid210x_device byte send 74 eoi 0
+3851.832149307: grid210x_device byte send 0a eoi 0
+3851.832204309: grid210x_device byte send c4 eoi 0
+3851.832260310: grid210x_device byte send 5e eoi 0
+3851.832313311: grid210x_device byte send 04 eoi 0
+3851.832368312: grid210x_device byte send b8 eoi 0
+3851.832423313: grid210x_device byte send 00 eoi 0
+3851.832477315: grid210x_device byte send 00 eoi 0
+3851.832531316: grid210x_device byte send 26 eoi 0
+3851.832586317: grid210x_device byte send 89 eoi 0
+3851.832639318: grid210x_device byte send 87 eoi 0
+3851.832693319: grid210x_device byte send 04 eoi 0
+3851.832748321: grid210x_device byte send 04 eoi 0
+3851.832803322: grid210x_device byte send 26 eoi 0
+3851.832858323: grid210x_device byte send 89 eoi 0
+3851.832911324: grid210x_device byte send 87 eoi 0
+3851.833096328: grid210x_device byte send 06 eoi 0
+3851.833164330: grid210x_device byte send 04 eoi 0
+3851.833224331: grid210x_device byte send 26 eoi 0
+3851.833277332: grid210x_device byte send c7 eoi 0
+3851.833332333: grid210x_device byte send 07 eoi 0
+3851.833386334: grid210x_device byte send 01 eoi 0
+3851.833440336: grid210x_device byte send 00 eoi 0
+3851.833495337: grid210x_device byte send 26 eoi 0
+3851.833860345: grid210x_device byte send c7 eoi 0
+3851.833925346: grid210x_device byte send 47 eoi 0
+3851.834160351: grid210x_device byte send 02 eoi 0
+3851.834239353: grid210x_device byte send 00 eoi 0
+3851.834300354: grid210x_device byte send 00 eoi 0
+3851.834355355: grid210x_device byte send c4 eoi 0
+3851.834407357: grid210x_device byte send 1e eoi 0
+3851.834463358: grid210x_device byte send 72 eoi 0
+3851.834515359: grid210x_device byte send 0a eoi 0
+3851.834569360: grid210x_device byte send 8d eoi 0
+3851.834623361: grid210x_device byte send 87 eoi 0
+3851.834677362: grid210x_device byte send cc eoi 0
+3851.834729364: grid210x_device byte send 00 eoi 0
+3851.834785365: grid210x_device byte send a3 eoi 0
+3851.834841366: grid210x_device byte send 6e eoi 0
+3851.834893367: grid210x_device byte send 0a eoi 0
+3851.834949368: grid210x_device byte send 8c eoi 0
+3851.835002369: grid210x_device byte send 06 eoi 0
+3851.835057371: grid210x_device byte send 70 eoi 0
+3851.835279376: grid210x_device byte send 0a eoi 0
+3851.835354377: grid210x_device byte send 89 eoi 0
+3851.835409378: grid210x_device byte send c3 eoi 0
+3851.835465380: grid210x_device byte send 8b eoi 0
+3851.835520381: grid210x_device byte send 4e eoi 0
+3851.835572382: grid210x_device byte send 08 eoi 0
+3851.835626383: grid210x_device byte send 26 eoi 0
+3851.835681384: grid210x_device byte send 89 eoi 0
+3851.835735385: grid210x_device byte send 4f eoi 0
+3851.835787387: grid210x_device byte send 06 eoi 0
+3851.835842388: grid210x_device byte send 5d eoi 0
+3851.835894389: grid210x_device byte send c2 eoi 0
+3851.835949390: grid210x_device byte send 06 eoi 0
+3851.836004391: grid210x_device byte send 00 eoi 0
+3851.836058392: grid210x_device byte send 55 eoi 0
+3851.836112394: grid210x_device byte send 8b eoi 0
+3851.836289397: grid210x_device byte send ec eoi 0
+3851.836364399: grid210x_device byte send 83 eoi 0
+3851.836421400: grid210x_device byte send 7e eoi 0
+3851.836473401: grid210x_device byte send 04 eoi 0
+3851.836528403: grid210x_device byte send 00 eoi 0
+3851.836584404: grid210x_device byte send 75 eoi 0
+3851.836636405: grid210x_device byte send 08 eoi 0
+3851.836691406: grid210x_device byte send a1 eoi 0
+3851.836745407: grid210x_device byte send 24 eoi 0
+3851.836801409: grid210x_device byte send 00 eoi 0
+3851.836854410: grid210x_device byte send 2d eoi 0
+3851.836907411: grid210x_device byte send d4 eoi 0
+3851.836961412: grid210x_device byte send 00 eoi 0
+3851.837015413: grid210x_device byte send eb eoi 0
+3851.837069414: grid210x_device byte send 06 eoi 0
+3851.837123416: grid210x_device byte send a1 eoi 0
+3851.837179417: grid210x_device byte send 24 eoi 0
+3851.837361421: grid210x_device byte send 00 eoi 0
+3851.837430422: grid210x_device byte send 83 eoi 0
+3851.837486423: grid210x_device byte send e8 eoi 0
+3851.837540425: grid210x_device byte send 0c eoi 0
+3851.837596426: grid210x_device byte send d1 eoi 0
+3851.837649427: grid210x_device byte send e8 eoi 0
+3851.837705428: grid210x_device byte send 5d eoi 0
+3851.837757429: grid210x_device byte send c2 eoi 0
+3851.837812431: grid210x_device byte send 02 eoi 0
+3851.837867432: grid210x_device byte send 00 eoi 0
+3851.837923433: grid210x_device byte send 55 eoi 0
+3851.837976434: grid210x_device byte send 8b eoi 0
+3851.838028435: grid210x_device byte send ec eoi 0
+3851.838083436: grid210x_device byte send b8 eoi 0
+3851.838137438: grid210x_device byte send 00 eoi 0
+3851.838192439: grid210x_device byte send 00 eoi 0
+3851.838247440: grid210x_device byte send 50 eoi 0
+3851.838448444: grid210x_device byte send e8 eoi 0
+3851.838508446: grid210x_device byte send d9 eoi 0
+3851.838563447: grid210x_device byte send ff eoi 0
+3851.838617448: grid210x_device byte send a3 eoi 0
+3851.838672449: grid210x_device byte send 76 eoi 0
+3851.838725450: grid210x_device byte send 0a eoi 0
+3851.838779452: grid210x_device byte send c4 eoi 0
+3851.838848453: grid210x_device byte send 5e eoi 0
+3851.838904454: grid210x_device byte send 04 eoi 0
+3851.839486467: grid210x_device byte send 8d eoi 0
+3851.839571469: grid210x_device byte send 4f eoi 0
+3851.839629470: grid210x_device byte send 04 eoi 0
+3851.839686471: grid210x_device byte send 89 eoi 0
+3851.839740472: grid210x_device byte send 0e eoi 0
+3851.839798474: grid210x_device byte send 86 eoi 0
+3851.839852475: grid210x_device byte send 0a eoi 0
+3851.839906476: grid210x_device byte send 8c eoi 0
+3851.839960477: grid210x_device byte send 06 eoi 0
+3851.840107480: grid210x_device byte send 88 eoi 0
+3851.840179482: grid210x_device byte send 0a eoi 0
+3851.840236483: grid210x_device byte send c4 eoi 0
+3851.840292484: grid210x_device byte send 5e eoi 0
+3851.840346486: grid210x_device byte send 04 eoi 0
+3851.840401487: grid210x_device byte send 26 eoi 0
+3851.840621492: grid210x_device byte send 8b eoi 0
+3851.840682493: grid210x_device byte send 87 eoi 0
+3851.840736494: grid210x_device byte send 04 eoi 0
+3851.840792495: grid210x_device byte send 04 eoi 0
+3851.840848497: grid210x_device byte send 26 eoi 0
+3851.840900498: grid210x_device byte send 8b eoi 0
+3851.840954499: grid210x_device byte send 97 eoi 0
+3851.841006500: grid210x_device byte send 06 eoi 0
+3851.841062501: grid210x_device byte send 04 eoi 0
+3851.841116502: grid210x_device byte send 8b eoi 0
+3851.841169503: grid210x_device byte send 0e eoi 0
+3851.841225505: grid210x_device byte send 24 eoi 0
+3851.841277506: grid210x_device byte send 00 eoi 0
+3851.841334507: grid210x_device byte send bf eoi 0
+3851.841386508: grid210x_device byte send 00 eoi 0
+3851.841441509: grid210x_device byte send 00 eoi 0
+3851.841633514: grid210x_device byte send 9a eoi 0
+3851.841704515: grid210x_device byte send 00 eoi 0
+3851.841761516: grid210x_device byte send 00 eoi 0
+3851.841819518: grid210x_device byte send 7b eoi 0
+3851.841872519: grid210x_device byte send 20 eoi 0
+3851.841927520: grid210x_device byte send a3 eoi 0
+3851.841980521: grid210x_device byte send 7a eoi 0
+3851.842033522: grid210x_device byte send 0a eoi 0
+3851.842089523: grid210x_device byte send 3b eoi 0
+3851.842142525: grid210x_device byte send 06 eoi 0
+3851.842197526: grid210x_device byte send 76 eoi 0
+3851.842251527: grid210x_device byte send 0a eoi 0
+3851.842306528: grid210x_device byte send 73 eoi 0
+3851.842359529: grid210x_device byte send 0d eoi 0
+3851.842415531: grid210x_device byte send a3 eoi 0
+3851.842468532: grid210x_device byte send 7c eoi 0
+3851.842519533: grid210x_device byte send 0a eoi 0
+3851.842710537: grid210x_device byte send c4 eoi 0
+3851.842776538: grid210x_device byte send 1e eoi 0
+3851.842829540: grid210x_device byte send 86 eoi 1
+3851.843295550: grid210x_device byte recv 5f atn 1 eoi 0
+3851.843325550: grid210x_device now not talking
+3851.845608600: grid210x_device byte recv 25 atn 1 eoi 0
+3851.845660601: grid210x_device now listening
+3851.846906628: grid210x_device byte recv 04 atn 0 eoi 0
+3851.847087632: grid210x_device byte recv 00 atn 0 eoi 0
+3851.847168634: grid210x_device byte recv 00 atn 0 eoi 0
+3851.847241635: grid210x_device byte recv 02 atn 0 eoi 0
+3851.847312637: grid210x_device byte recv 00 atn 0 eoi 0
+3851.847382638: grid210x_device byte recv 00 atn 0 eoi 0
+3851.847452640: grid210x_device byte recv 00 atn 0 eoi 0
+3851.847521642: grid210x_device byte recv 00 atn 0 eoi 0
+3851.847592643: grid210x_device byte recv 02 atn 0 eoi 0
+3851.848842670: grid210x_device byte recv 20 atn 0 eoi 1
+3851.849055675: grid210x_device byte recv 3f atn 1 eoi 0
+3851.849088676: grid210x_device now not listening
+3851.849101676: grid210x_device command 4, data size 512, sector no 2
+3851.850204700: grid210x_device byte recv 18 atn 1 eoi 0
+3851.850304702: grid210x_device byte recv 45 atn 1 eoi 0
+3851.850334703: grid210x_device now talking
+3851.850366703: grid210x_device byte send 4f eoi 0
+3852.507992993: grid210x_device byte recv 14 atn 1 eoi 0
+3853.050749786: grid210x_device byte recv 26 atn 1 eoi 0
+3853.054891876: grid210x_device byte recv 14 atn 1 eoi 0
+3855.666167612: grid210x_device byte recv 14 atn 1 eoi 0
+3858.136264274: grid210x_device byte recv 25 atn 1 eoi 0
+3858.136851287: grid210x_device now listening
+3858.136957289: grid210x_device byte recv 01 atn 0 eoi 0
+3858.137035291: grid210x_device byte recv 00 atn 0 eoi 0
+3858.137104292: grid210x_device byte recv 00 atn 0 eoi 0
+3858.137174294: grid210x_device byte recv 00 atn 0 eoi 0
+3858.137244295: grid210x_device byte recv 00 atn 0 eoi 0
+3858.137315297: grid210x_device byte recv 00 atn 0 eoi 0
+3858.137389299: grid210x_device byte recv 00 atn 0 eoi 0
+3858.137458300: grid210x_device byte recv 34 atn 0 eoi 0
+3858.137525302: grid210x_device byte recv 00 atn 0 eoi 0
+3858.138616325: grid210x_device byte recv 20 atn 0 eoi 1
+3858.138704327: grid210x_device byte recv 3f atn 1 eoi 0
+3858.138733328: grid210x_device now not listening
+3858.138746328: grid210x_device command 1, data size 52, sector no 0
+3858.140847374: grid210x_device byte recv 45 atn 1 eoi 0
+3858.141028378: grid210x_device now talking
+3858.141061378: grid210x_device byte send 00 eoi 0
+3863.263519644: grid210x_device byte recv 5f atn 1 eoi 0
+3863.263579645: grid210x_device now not talking
+3863.264918674: grid210x_device byte recv 14 atn 1 eoi 0
+3864.434977085: grid210x_device byte recv 14 atn 1 eoi 0
+3864.966024618: grid210x_device byte recv 26 atn 1 eoi 0
+3864.970216709: grid210x_device byte recv 14 atn 1 eoi 0
+3867.579515372: grid210x_device byte recv 14 atn 1 eoi 0
+3870.058627202: grid210x_device byte recv 25 atn 1 eoi 0
+3870.058692203: grid210x_device now listening
+3870.059897229: grid210x_device byte recv 01 atn 0 eoi 0
+3870.059992231: grid210x_device byte recv 00 atn 0 eoi 0
+3870.060151235: grid210x_device byte recv 00 atn 0 eoi 0
+3870.060228236: grid210x_device byte recv 00 atn 0 eoi 0
+3870.060441241: grid210x_device byte recv 00 atn 0 eoi 0
+3870.060530243: grid210x_device byte recv 00 atn 0 eoi 0
+3870.060604245: grid210x_device byte recv 00 atn 0 eoi 0
+3870.060678246: grid210x_device byte recv 34 atn 0 eoi 0
+3870.060750248: grid210x_device byte recv 00 atn 0 eoi 0
+3870.061833271: grid210x_device byte recv 00 atn 0 eoi 1
+3870.061924273: grid210x_device byte recv 3f atn 1 eoi 0
+3870.061955274: grid210x_device now not listening
+3870.061969274: grid210x_device command 1, data size 52, sector no 0
+3870.064234323: grid210x_device byte recv 45 atn 1 eoi 0
+3870.064286325: grid210x_device now talking
+3870.064317325: grid210x_device byte send 00 eoi 0
+3875.184044473: grid210x_device byte recv 5f atn 1 eoi 0
+3875.184103475: grid210x_device now not talking
+3875.185431503: grid210x_device byte recv 14 atn 1 eoi 0
+3876.364859105: grid210x_device byte recv 14 atn 1 eoi 0
+3876.895800630: grid210x_device byte recv 26 atn 1 eoi 0
+3876.900181725: grid210x_device byte recv 14 atn 1 eoi 0
+3879.509379356: grid210x_device byte recv 14 atn 1 eoi 0
+3881.988690163: grid210x_device byte recv 25 atn 1 eoi 0
+3881.988749164: grid210x_device now listening
+3881.989956190: grid210x_device byte recv 01 atn 0 eoi 0
+3881.990111194: grid210x_device byte recv 00 atn 0 eoi 0
+3881.990195195: grid210x_device byte recv 00 atn 0 eoi 0
+3881.990265197: grid210x_device byte recv 00 atn 0 eoi 0
+3881.990339199: grid210x_device byte recv 00 atn 0 eoi 0
+3881.990410200: grid210x_device byte recv 00 atn 0 eoi 0
+3881.990622205: grid210x_device byte recv 00 atn 0 eoi 0
+3881.990709207: grid210x_device byte recv 34 atn 0 eoi 0
+3881.990781208: grid210x_device byte recv 00 atn 0 eoi 0
+3881.991868232: grid210x_device byte recv 00 atn 0 eoi 1
+3881.991960234: grid210x_device byte recv 3f atn 1 eoi 0
+3881.991990234: grid210x_device now not listening
+3881.992003235: grid210x_device command 1, data size 52, sector no 0
+3881.994269284: grid210x_device byte recv 45 atn 1 eoi 0
+3881.994322285: grid210x_device now talking
+3881.994351286: grid210x_device byte send 00 eoi 0
+3887.124690607: grid210x_device byte recv 5f atn 1 eoi 0
+3887.124749609: grid210x_device now not talking
+3887.126083638: grid210x_device byte recv 14 atn 1 eoi 0
+3888.294620990: grid210x_device byte recv 14 atn 1 eoi 0
+3888.825596510: grid210x_device byte recv 26 atn 1 eoi 0
+3888.826349526: grid210x_device byte recv 00 atn 0 eoi 0
+3888.829457593: grid210x_device byte recv 14 atn 1 eoi 0
+3891.439102206: grid210x_device byte recv 14 atn 1 eoi 0
+3893.918495987: grid210x_device byte recv 25 atn 1 eoi 0
+3893.918555989: grid210x_device now listening
+3893.919759015: grid210x_device byte recv 01 atn 0 eoi 0
+3893.919848017: grid210x_device byte recv 00 atn 0 eoi 0
+3893.920218025: grid210x_device byte recv 00 atn 0 eoi 0
+3893.920306027: grid210x_device byte recv 00 atn 0 eoi 0
+3893.920382028: grid210x_device byte recv 00 atn 0 eoi 0
+3893.920457030: grid210x_device byte recv 00 atn 0 eoi 0
+3893.920527031: grid210x_device byte recv 00 atn 0 eoi 0
+3893.920597033: grid210x_device byte recv 34 atn 0 eoi 0
+3893.920667035: grid210x_device byte recv 00 atn 0 eoi 0
+3893.921755058: grid210x_device byte recv 20 atn 0 eoi 1
+3893.921848060: grid210x_device byte recv 3f atn 1 eoi 0
+3893.921877061: grid210x_device now not listening
+3893.921892061: grid210x_device command 1, data size 52, sector no 0
+3893.924155110: grid210x_device byte recv 45 atn 1 eoi 0
+3893.924202111: grid210x_device now talking
+3893.924233112: grid210x_device byte send 00 eoi 0
+3899.045329178: grid210x_device byte recv 5f atn 1 eoi 0
+3899.045390179: grid210x_device now not talking
+3899.046721208: grid210x_device byte recv 14 atn 1 eoi 0
+3900.224377746: grid210x_device byte recv 14 atn 1 eoi 0
+3900.755393260: grid210x_device byte recv 26 atn 1 eoi 0
+3900.759528350: grid210x_device byte recv 14 atn 1 eoi 0
+3903.368972931: grid210x_device byte recv 14 atn 1 eoi 0
+3905.848028678: grid210x_device byte recv 25 atn 1 eoi 0
+3905.848087680: grid210x_device now listening
+3905.849295706: grid210x_device byte recv 01 atn 0 eoi 0
+3905.849393708: grid210x_device byte recv 00 atn 0 eoi 0
+3905.849468710: grid210x_device byte recv 00 atn 0 eoi 0
+3905.849543711: grid210x_device byte recv 00 atn 0 eoi 0
+3905.849613713: grid210x_device byte recv 00 atn 0 eoi 0
+3905.849682714: grid210x_device byte recv 00 atn 0 eoi 0
+3905.849901719: grid210x_device byte recv 00 atn 0 eoi 0
+3905.849978721: grid210x_device byte recv 34 atn 0 eoi 0
+3905.850115724: grid210x_device byte recv 00 atn 0 eoi 0
+3905.851138746: grid210x_device byte recv 00 atn 0 eoi 1
+3905.851225748: grid210x_device byte recv 3f atn 1 eoi 0
+3905.851254748: grid210x_device now not listening
+3905.851268749: grid210x_device command 1, data size 52, sector no 0
+3905.853537798: grid210x_device byte recv 45 atn 1 eoi 0
+3905.853586799: grid210x_device now talking
+3905.853618800: grid210x_device byte send 00 eoi 0
+3910.948658247: grid210x_device byte recv 00 atn 0 eoi 1
