+2254.072260656: grid210x_device byte recv ff atn 1 eoi 1
+2254.077006810: grid210x_device byte recv ff atn 1 eoi 1
+2255.180356724: grid210x_device byte recv 14 atn 1 eoi 0
+2257.650410023: grid210x_device byte recv 25 atn 1 eoi 0
+2257.650465025: grid210x_device now listening
+2257.651604062: grid210x_device byte recv 01 atn 0 eoi 0
+2257.651759067: grid210x_device byte recv 00 atn 0 eoi 0
+2257.651934073: grid210x_device byte recv 00 atn 0 eoi 0
+2257.652214082: grid210x_device byte recv 00 atn 0 eoi 0
+2257.652302085: grid210x_device byte recv 00 atn 0 eoi 0
+2257.652387087: grid210x_device byte recv 00 atn 0 eoi 0
+2257.652461090: grid210x_device byte recv 00 atn 0 eoi 0
+2257.652532092: grid210x_device byte recv 34 atn 0 eoi 0
+2257.652600094: grid210x_device byte recv 00 atn 0 eoi 0
+2257.653693130: grid210x_device byte recv 20 atn 0 eoi 1
+2257.653780133: grid210x_device byte recv 3f atn 1 eoi 0
+2257.653809134: grid210x_device now not listening
+2257.653821134: grid210x_device command 1, data size 52, sector no 0
+2257.655926202: grid210x_device byte recv 45 atn 1 eoi 0
+2257.655969204: grid210x_device now talking
+2257.657149242: grid210x_device byte send 00 eoi 0
+2257.657593257: grid210x_device byte send 02 eoi 0
+2257.657665259: grid210x_device byte send f8 eoi 0
+2257.657720261: grid210x_device byte send 01 eoi 0
+2257.657775262: grid210x_device byte send d0 eoi 0
+2257.657826264: grid210x_device byte send 02 eoi 0
+2257.657878266: grid210x_device byte send 01 eoi 0
+2257.657933268: grid210x_device byte send 20 eoi 0
+2257.657984269: grid210x_device byte send 01 eoi 0
+2257.658037271: grid210x_device byte send 21 eoi 0
+2257.658088273: grid210x_device byte send 01 eoi 0
+2257.658141274: grid210x_device byte send 01 eoi 0
+2257.658194276: grid210x_device byte send 00 eoi 0
+2257.658246278: grid210x_device byte send 00 eoi 0
+2257.658299279: grid210x_device byte send 34 eoi 0
+2257.658491286: grid210x_device byte send 38 eoi 0
+2257.658563288: grid210x_device byte send 20 eoi 0
+2257.658617290: grid210x_device byte send 54 eoi 0
+2257.658670292: grid210x_device byte send 50 eoi 0
+2257.658721293: grid210x_device byte send 49 eoi 0
+2257.658775295: grid210x_device byte send 20 eoi 0
+2257.658826297: grid210x_device byte send 44 eoi 0
+2257.658877298: grid210x_device byte send 53 eoi 0
+2257.658928300: grid210x_device byte send 20 eoi 0
+2257.658978302: grid210x_device byte send 44 eoi 0
+2257.659030303: grid210x_device byte send 44 eoi 0
+2257.659081305: grid210x_device byte send 20 eoi 0
+2257.659132307: grid210x_device byte send 46 eoi 0
+2257.659185308: grid210x_device byte send 4c eoi 0
+2257.659235310: grid210x_device byte send 4f eoi 0
+2257.659286312: grid210x_device byte send 50 eoi 0
+2257.659338313: grid210x_device byte send 50 eoi 0
+2257.659571321: grid210x_device byte send 59 eoi 0
+2257.659677324: grid210x_device byte send 20 eoi 0
+2257.659739326: grid210x_device byte send 20 eoi 0
+2257.659793328: grid210x_device byte send 20 eoi 0
+2257.659844330: grid210x_device byte send 20 eoi 0
+2257.659895331: grid210x_device byte send 33 eoi 0
+2257.659947333: grid210x_device byte send 30 eoi 0
+2257.659999335: grid210x_device byte send 30 eoi 0
+2257.660137339: grid210x_device byte send 32 eoi 0
+2257.660195341: grid210x_device byte send 33 eoi 0
+2257.660246343: grid210x_device byte send 37 eoi 0
+2257.660300344: grid210x_device byte send 2d eoi 0
+2257.660351346: grid210x_device byte send 30 eoi 0
+2257.660403348: grid210x_device byte send 30 eoi 0
+2257.660596354: grid210x_device byte send 00 eoi 0
+2257.660666356: grid210x_device byte send 02 eoi 0
+2257.660722358: grid210x_device byte send 09 eoi 0
+2257.660778360: grid210x_device byte send 00 eoi 0
+2257.660830362: grid210x_device byte send 02 eoi 0
+2257.660880363: grid210x_device byte send 00 eoi 1
+2257.661350379: grid210x_device byte recv 5f atn 1 eoi 0
+2257.661376379: grid210x_device now not talking
+2257.664253473: grid210x_device byte recv 25 atn 1 eoi 0
+2257.664308475: grid210x_device now listening
+2257.665611517: grid210x_device byte recv 04 atn 0 eoi 0
+2257.670196666: grid210x_device byte recv 00 atn 0 eoi 0
+2257.670288669: grid210x_device byte recv 00 atn 0 eoi 0
+2257.670362671: grid210x_device byte recv 00 atn 0 eoi 0
+2257.670432674: grid210x_device byte recv 00 atn 0 eoi 0
+2257.670502676: grid210x_device byte recv 00 atn 0 eoi 0
+2257.670573678: grid210x_device byte recv 00 atn 0 eoi 0
+2257.670644680: grid210x_device byte recv 00 atn 0 eoi 0
+2257.671195698: grid210x_device byte recv 02 atn 0 eoi 0
+2257.672258733: grid210x_device byte recv 00 atn 0 eoi 1
+2257.672343736: grid210x_device byte recv 3f atn 1 eoi 0
+2257.672370736: grid210x_device now not listening
+2257.672382737: grid210x_device command 4, data size 512, sector no 0
+2257.675120826: grid210x_device byte recv 18 atn 1 eoi 0
+2257.675239830: grid210x_device byte recv 45 atn 1 eoi 0
+2257.675448836: grid210x_device now talking
+2257.675495838: grid210x_device byte send 4f eoi 0
+2273.742288903: grid210x_device byte recv 26 atn 0 eoi 0
+2274.289007469: grid210x_device byte recv 14 atn 1 eoi 0
+2276.901235306: grid210x_device byte recv 14 atn 1 eoi 0
+2279.380251736: grid210x_device byte recv 25 atn 1 eoi 0
+2279.380364740: grid210x_device now listening
+2279.380744752: grid210x_device byte recv 01 atn 0 eoi 0
+2279.380826755: grid210x_device byte recv 00 atn 0 eoi 0
+2279.380899757: grid210x_device byte recv 00 atn 0 eoi 0
+2279.380967759: grid210x_device byte recv 00 atn 0 eoi 0
+2279.381037762: grid210x_device byte recv 00 atn 0 eoi 0
+2279.381107764: grid210x_device byte recv 00 atn 0 eoi 0
+2279.381324771: grid210x_device byte recv 00 atn 0 eoi 0
+2279.381408773: grid210x_device byte recv 34 atn 0 eoi 0
+2279.381478776: grid210x_device byte recv 00 atn 0 eoi 0
+2279.382567811: grid210x_device byte recv 20 atn 0 eoi 1
+2279.382651813: grid210x_device byte recv 3f atn 1 eoi 0
+2279.382678814: grid210x_device now not listening
+2279.382690815: grid210x_device command 1, data size 52, sector no 0
+2279.384467871: grid210x_device byte recv 45 atn 1 eoi 0
+2279.384514873: grid210x_device now talking
+2279.384546874: grid210x_device byte send 00 eoi 0
+2284.511578734: grid210x_device byte recv 5f atn 1 eoi 0
+2284.511637736: grid210x_device now not talking
+2284.512972779: grid210x_device byte recv 14 atn 1 eoi 0
+2285.686668212: grid210x_device byte recv 14 atn 1 eoi 0
+2286.217675139: grid210x_device byte recv 26 atn 1 eoi 0
+2286.221898274: grid210x_device byte recv 14 atn 1 eoi 0
+2288.831340367: grid210x_device byte recv 14 atn 1 eoi 0
+2289.560911576: grid210x_device byte recv 25 atn 1 eoi 0
+2289.560971578: grid210x_device now listening
+2289.562169616: grid210x_device byte recv 01 atn 0 eoi 0
+2289.562393623: grid210x_device byte recv 00 atn 0 eoi 0
+2289.562481626: grid210x_device byte recv 00 atn 0 eoi 0
+2289.562556628: grid210x_device byte recv 00 atn 0 eoi 0
+2289.562627630: grid210x_device byte recv 00 atn 0 eoi 0
+2289.562697632: grid210x_device byte recv 00 atn 0 eoi 0
+2289.562768635: grid210x_device byte recv 00 atn 0 eoi 0
+2289.562837637: grid210x_device byte recv 34 atn 0 eoi 0
+2289.562903639: grid210x_device byte recv 00 atn 0 eoi 0
+2289.563990674: grid210x_device byte recv 20 atn 0 eoi 1
+2289.564079676: grid210x_device byte recv 3f atn 1 eoi 0
+2289.564107677: grid210x_device now not listening
+2289.564119678: grid210x_device command 1, data size 52, sector no 0
+2289.566227745: grid210x_device byte recv 45 atn 1 eoi 0
+2289.566277746: grid210x_device now talking
+2289.566310747: grid210x_device byte send 00 eoi 0
+2294.679060071: grid210x_device byte recv 5f atn 1 eoi 0
+2294.679118073: grid210x_device now not talking
+2294.680481116: grid210x_device byte recv 14 atn 1 eoi 0
+2295.215466071: grid210x_device byte recv 05 atn 0 eoi 0
+2295.764818473: grid210x_device byte recv 14 atn 1 eoi 0
+2298.375264090: grid210x_device byte recv 14 atn 1 eoi 0
+2299.104280135: grid210x_device byte recv 25 atn 1 eoi 0
+2299.104340137: grid210x_device now listening
+2299.105540175: grid210x_device byte recv 01 atn 0 eoi 0
+2299.105631177: grid210x_device byte recv 00 atn 0 eoi 0
+2299.106228196: grid210x_device byte recv 00 atn 0 eoi 0
+2299.106316199: grid210x_device byte recv 00 atn 0 eoi 0
+2299.106391202: grid210x_device byte recv 00 atn 0 eoi 0
+2299.106461204: grid210x_device byte recv 00 atn 0 eoi 0
+2299.106529206: grid210x_device byte recv 00 atn 0 eoi 0
+2299.106599208: grid210x_device byte recv 34 atn 0 eoi 0
+2299.106664210: grid210x_device byte recv 00 atn 0 eoi 0
+2299.107754245: grid210x_device byte recv 00 atn 0 eoi 1
+2299.107846248: grid210x_device byte recv 3f atn 1 eoi 0
+2299.107874248: grid210x_device now not listening
+2299.107886249: grid210x_device command 1, data size 52, sector no 0
+2299.109995315: grid210x_device byte recv 45 atn 1 eoi 0
+2299.110116319: grid210x_device now talking
+2299.110278324: grid210x_device byte send 00 eoi 0
+2304.242160258: grid210x_device byte recv 5f atn 1 eoi 0
+2304.242219260: grid210x_device now not talking
+2304.243543302: grid210x_device byte recv 14 atn 1 eoi 0
+2305.416589243: grid210x_device byte recv 14 atn 1 eoi 0
+2305.947612954: grid210x_device byte recv 26 atn 1 eoi 0
+2305.951057062: grid210x_device byte recv 14 atn 1 eoi 0
+2308.561065128: grid210x_device byte recv 14 atn 1 eoi 0
+2309.290118027: grid210x_device byte recv 25 atn 1 eoi 0
+2309.290181029: grid210x_device now listening
+2309.291441069: grid210x_device byte recv 01 atn 0 eoi 0
+2309.291539072: grid210x_device byte recv 00 atn 0 eoi 0
+2309.291613074: grid210x_device byte recv 00 atn 0 eoi 0
+2309.291682076: grid210x_device byte recv 00 atn 0 eoi 0
+2309.291752079: grid210x_device byte recv 00 atn 0 eoi 0
+2309.291818081: grid210x_device byte recv 00 atn 0 eoi 0
+2309.291887083: grid210x_device byte recv 00 atn 0 eoi 0
+2309.291958085: grid210x_device byte recv 34 atn 0 eoi 0
+2309.292023087: grid210x_device byte recv 00 atn 0 eoi 0
+2309.293115121: grid210x_device byte recv 20 atn 0 eoi 1
+2309.293199124: grid210x_device byte recv 3f atn 1 eoi 0
+2309.293227125: grid210x_device now not listening
+2309.293239125: grid210x_device command 1, data size 52, sector no 0
+2309.295010181: grid210x_device byte recv 45 atn 1 eoi 0
+2309.295057182: grid210x_device now talking
+2309.295085183: grid210x_device byte send 00 eoi 0
+2314.409807536: grid210x_device byte recv 5f atn 1 eoi 0
+2314.409869538: grid210x_device now not talking
+2314.413538652: grid210x_device byte recv 25 atn 1 eoi 0
+2314.413629655: grid210x_device now listening
+2314.415766722: grid210x_device byte recv 14 atn 1 eoi 0
+2314.946037315: grid210x_device byte recv 26 atn 1 eoi 0
+2314.947234352: grid210x_device byte recv 01 atn 0 eoi 0
+2314.947325355: grid210x_device byte recv 00 atn 0 eoi 0
+2314.947397357: grid210x_device byte recv 00 atn 0 eoi 0
+2314.947466359: grid210x_device byte recv 00 atn 0 eoi 0
+2314.947535361: grid210x_device byte recv 00 atn 0 eoi 0
+2314.947604364: grid210x_device byte recv 00 atn 0 eoi 0
+2314.947676366: grid210x_device byte recv 00 atn 0 eoi 0
+2314.947745368: grid210x_device byte recv 34 atn 0 eoi 0
+2314.947814370: grid210x_device byte recv 00 atn 0 eoi 0
+2314.949020408: grid210x_device byte recv 20 atn 0 eoi 1
+2314.949116411: grid210x_device byte recv 3f atn 1 eoi 0
+2314.949145412: grid210x_device now not listening
+2314.949157412: grid210x_device command 1, data size 52, sector no 0
+2314.951221477: grid210x_device byte recv 46 atn 1 eoi 0
+2314.951274478: grid210x_device now not talking
+2320.063639187: grid210x_device byte recv 5f atn 1 eoi 0
+2320.063703189: grid210x_device now not talking
+2320.065047231: grid210x_device byte recv 14 atn 1 eoi 0
+2321.246419065: grid210x_device byte recv 14 atn 1 eoi 0
+2323.847952080: grid210x_device byte recv 14 atn 1 eoi 0
+2326.326758154: grid210x_device byte recv 25 atn 1 eoi 0
+2326.326816156: grid210x_device now listening
+2326.327950191: grid210x_device byte recv 01 atn 0 eoi 0
+2326.328170198: grid210x_device byte recv 00 atn 0 eoi 0
+2326.328250200: grid210x_device byte recv 00 atn 0 eoi 0
+2326.328322202: grid210x_device byte recv 00 atn 0 eoi 0
+2326.328394205: grid210x_device byte recv 00 atn 0 eoi 0
+2326.328463207: grid210x_device byte recv 00 atn 0 eoi 0
+2326.328868219: grid210x_device byte recv 00 atn 0 eoi 0
+2326.328950222: grid210x_device byte recv 34 atn 0 eoi 0
+2326.329019224: grid210x_device byte recv 00 atn 0 eoi 0
+2326.330113258: grid210x_device byte recv 30 atn 0 eoi 1
+2326.330335265: grid210x_device byte recv 3f atn 1 eoi 0
+2326.330367266: grid210x_device now not listening
+2326.330381266: grid210x_device command 1, data size 52, sector no 0
+2326.332506332: grid210x_device byte recv 45 atn 1 eoi 0
+2326.332554334: grid210x_device now talking
+2326.332582335: grid210x_device byte send 00 eoi 0
+2331.460345395: grid210x_device byte recv 5f atn 1 eoi 0
+2331.460404396: grid210x_device now not talking
+2331.461743438: grid210x_device byte recv 14 atn 1 eoi 0
+2332.633264706: grid210x_device byte recv 14 atn 1 eoi 0
+2333.164274137: grid210x_device byte recv 26 atn 1 eoi 0
+2333.168409265: grid210x_device byte recv 14 atn 1 eoi 0
+2335.777788929: grid210x_device byte recv 14 atn 1 eoi 0
+2338.257256459: grid210x_device byte recv 25 atn 1 eoi 0
+2338.257318460: grid210x_device now listening
+2338.258417494: grid210x_device byte recv 01 atn 0 eoi 0
+2338.258507497: grid210x_device byte recv 00 atn 0 eoi 0
+2338.258581499: grid210x_device byte recv 00 atn 0 eoi 0
+2338.258653502: grid210x_device byte recv 00 atn 0 eoi 0
+2338.258722504: grid210x_device byte recv 00 atn 0 eoi 0
+2338.258792506: grid210x_device byte recv 00 atn 0 eoi 0
+2338.258859508: grid210x_device byte recv 00 atn 0 eoi 0
+2338.258929510: grid210x_device byte recv 34 atn 0 eoi 0
+2338.258996512: grid210x_device byte recv 00 atn 0 eoi 0
+2338.260134547: grid210x_device byte recv 3f atn 1 eoi 0
+2338.260183549: grid210x_device now not listening
+2338.262135609: grid210x_device byte recv 45 atn 1 eoi 0
+2338.262182611: grid210x_device now talking
+2338.262212611: grid210x_device byte send 00 eoi 0
+2343.381079241: grid210x_device byte recv 5f atn 1 eoi 0
+2343.381138243: grid210x_device now not talking
+2343.382517286: grid210x_device byte recv 14 atn 1 eoi 0
+2344.563089570: grid210x_device byte recv 14 atn 1 eoi 0
+2345.094110881: grid210x_device byte recv 26 atn 1 eoi 0
+2345.098241008: grid210x_device byte recv 14 atn 1 eoi 0
+2347.707619090: grid210x_device byte recv 14 atn 1 eoi 0
+2350.186754058: grid210x_device byte recv 25 atn 1 eoi 0
+2350.186815060: grid210x_device now listening
+2350.188054098: grid210x_device byte recv 01 atn 0 eoi 0
+2350.188146101: grid210x_device byte recv 00 atn 0 eoi 0
+2350.188220103: grid210x_device byte recv 00 atn 0 eoi 0
+2350.188290105: grid210x_device byte recv 00 atn 0 eoi 0
+2350.188360108: grid210x_device byte recv 00 atn 0 eoi 0
+2350.188430110: grid210x_device byte recv 00 atn 0 eoi 0
+2350.188498112: grid210x_device byte recv 00 atn 0 eoi 0
+2350.188567114: grid210x_device byte recv 34 atn 0 eoi 0
+2350.188635116: grid210x_device byte recv 00 atn 0 eoi 0
+2350.189721149: grid210x_device byte recv 00 atn 0 eoi 1
+2350.189808152: grid210x_device byte recv 3f atn 1 eoi 0
+2350.189836153: grid210x_device now not listening
+2350.189847153: grid210x_device command 1, data size 52, sector no 0
+2350.192128223: grid210x_device byte recv 45 atn 1 eoi 0
+2350.192328229: grid210x_device now talking
+2350.192360230: grid210x_device byte send 00 eoi 0
+2355.321949059: grid210x_device byte recv 5f atn 1 eoi 0
+2355.322009061: grid210x_device now not talking
+2355.323336101: grid210x_device byte recv 14 atn 1 eoi 0
+2356.492914792: grid210x_device byte recv 14 atn 1 eoi 0
+2357.023925986: grid210x_device byte recv 26 atn 1 eoi 0
+2357.028066113: grid210x_device byte recv 14 atn 1 eoi 0
+2359.637439626: grid210x_device byte recv 14 atn 1 eoi 0
+2362.024056242: grid210x_device byte recv bf atn 1 eoi 0
